============================= test session starts =============================
platform win32 -- Python 3.14.0, pytest-8.4.2, pluggy-1.6.0 -- C:\Program Files\Python314\python.exe
cachedir: .pytest_cache
rootdir: C:\GitHub\AI_TC_Generator_v04_w_Trainer
configfile: pyproject.toml
plugins: anyio-4.11.0, asyncio-0.21.2, cov-6.3.0
asyncio: mode=Mode.AUTO
collecting ... collected 265 items / 2 deselected / 263 selected

tests/core/test_deduplicator.py::test_no_duplicates PASSED               [  0%]
tests/core/test_deduplicator.py::test_exact_duplicates PASSED            [  0%]
tests/core/test_deduplicator.py::test_similar_duplicates PASSED          [  1%]
tests/core/test_deduplicator.py::test_multiple_duplicate_groups PASSED   [  1%]
tests/core/test_deduplicator.py::test_keep_strategy_first PASSED         [  1%]
tests/core/test_deduplicator.py::test_keep_strategy_last PASSED          [  2%]
tests/core/test_deduplicator.py::test_keep_strategy_best PASSED          [  2%]
tests/core/test_deduplicator.py::test_keep_strategy_best_by_length PASSED [  3%]
tests/core/test_deduplicator.py::test_similarity_threshold PASSED        [  3%]
tests/core/test_deduplicator.py::test_custom_fields_to_compare PASSED    [  3%]
tests/core/test_deduplicator.py::test_empty_test_cases_list PASSED       [  4%]
tests/core/test_deduplicator.py::test_find_similar_pairs PASSED          [  4%]
tests/core/test_deduplicator.py::test_deduplication_report_structure PASSED [  4%]
tests/core/test_deduplicator.py::test_case_insensitive_comparison PASSED [  5%]
tests/core/test_deduplicator.py::test_whitespace_handling PASSED         [  5%]
tests/core/test_deduplicator.py::test_deduplication_rate_calculation PASSED [  6%]
tests/core/test_generators.py::TestTestCaseGenerator::test_generate_test_cases_success PASSED [  6%]
tests/core/test_generators.py::TestTestCaseGenerator::test_generate_test_cases_with_template PASSED [  6%]
tests/core/test_generators.py::TestTestCaseGenerator::test_generate_test_cases_ai_failure PASSED [  7%]
tests/core/test_generators.py::TestTestCaseGenerator::test_generate_test_cases_invalid_json_response PASSED [  7%]
tests/core/test_generators.py::TestTestCaseGenerator::test_prompt_variable_substitution PASSED [  7%]
tests/core/test_generators.py::TestAsyncTestCaseGenerator::test_generate_test_cases_batch_success PASSED [  8%]
tests/core/test_generators.py::TestAsyncTestCaseGenerator::test_generate_test_cases_batch_with_failures PASSED [  8%]
tests/core/test_generators.py::TestAsyncTestCaseGenerator::test_concurrent_processing_limits PASSED [  9%]
tests/core/test_generators.py::TestAsyncTestCaseGenerator::test_empty_requirements_list PASSED [  9%]
tests/core/test_image_extractor.py::test_extract_external_images PASSED  [  9%]
tests/core/test_image_extractor.py::test_extract_embedded_images PASSED  [ 10%]
tests/core/test_image_extractor.py::test_extract_images_without_saving PASSED [ 10%]
tests/core/test_image_extractor.py::test_determine_image_format PASSED   [ 11%]
tests/core/test_image_extractor.py::test_compute_hash PASSED             [ 11%]
tests/core/test_image_extractor.py::test_sanitize_filename PASSED        [ 11%]
tests/core/test_image_extractor.py::test_augment_artifacts_with_images PASSED [ 12%]
tests/core/test_image_extractor.py::test_extract_images_from_empty_reqifz PASSED [ 12%]
tests/core/test_image_extractor.py::test_image_source_enum PASSED        [ 12%]
tests/core/test_image_extractor.py::test_image_format_enum PASSED        [ 13%]
tests/core/test_image_extractor.py::test_multiple_embedded_images PASSED [ 13%]
tests/core/test_image_extractor.py::test_augment_artifacts_without_images PASSED [ 14%]
tests/core/test_parsers.py::TestJSONResponseParser::test_extract_direct_json PASSED [ 14%]
tests/core/test_parsers.py::TestJSONResponseParser::test_extract_json_from_markdown_block PASSED [ 14%]
tests/core/test_parsers.py::TestJSONResponseParser::test_extract_json_from_code_block_without_language PASSED [ 15%]
tests/core/test_parsers.py::TestJSONResponseParser::test_extract_json_with_curly_braces_fallback PASSED [ 15%]
tests/core/test_parsers.py::TestJSONResponseParser::test_invalid_json_returns_none PASSED [ 15%]
tests/core/test_parsers.py::TestJSONResponseParser::test_empty_response_returns_none PASSED [ 16%]
tests/core/test_parsers.py::TestJSONResponseParser::test_malformed_json_in_code_block PASSED [ 16%]
tests/core/test_parsers.py::TestJSONResponseParser::test_multiple_json_blocks_returns_first_valid PASSED [ 17%]
tests/core/test_parsers.py::TestFastJSONResponseParser::test_fast_parser_basic_functionality PASSED [ 17%]
tests/core/test_parsers.py::TestFastJSONResponseParser::test_fast_parser_fallback_behavior PASSED [ 17%]
tests/core/test_parsers.py::TestHTMLTableParser::test_parse_simple_table PASSED [ 18%]
tests/core/test_parsers.py::TestHTMLTableParser::test_parse_table_with_multiple_rows PASSED [ 18%]
tests/core/test_parsers.py::TestHTMLTableParser::test_parse_empty_table PASSED [ 19%]
tests/core/test_parsers.py::TestHTMLTableParser::test_parse_malformed_html PASSED [ 19%]
tests/core/test_parsers.py::TestHTMLTableParser::test_parse_table_with_nested_elements PASSED [ 19%]
tests/core/test_relationship_integration.py::test_extractor_with_relationships PASSED [ 20%]
tests/core/test_relationship_integration.py::test_extractor_without_relationships PASSED [ 20%]
tests/core/test_relationship_integration.py::test_extractor_with_dependency_graph PASSED [ 20%]
tests/core/test_relationship_integration.py::test_extractor_without_augmentation PASSED [ 21%]
tests/core/test_relationship_parser.py::test_parse_relationships_with_data PASSED [ 21%]
tests/core/test_relationship_parser.py::test_parse_relationships_without_data PASSED [ 22%]
tests/core/test_relationship_parser.py::test_classify_relation_type PASSED [ 22%]
tests/core/test_relationship_parser.py::test_augment_requirements_with_relationships PASSED [ 22%]
tests/core/test_relationship_parser.py::test_calculate_hierarchy_level PASSED [ 23%]
tests/core/test_relationship_parser.py::test_calculate_hierarchy_level_with_cycle PASSED [ 23%]
tests/core/test_relationship_parser.py::test_build_dependency_graph PASSED [ 23%]
tests/core/test_relationship_parser.py::test_find_root_requirements PASSED [ 24%]
tests/core/test_relationship_parser.py::test_find_leaf_requirements PASSED [ 24%]
tests/core/test_relationship_parser.py::test_get_requirement_tree PASSED [ 25%]
tests/core/test_relationship_parser.py::test_get_requirement_tree_with_circular_reference PASSED [ 25%]
tests/core/test_relationship_parser.py::test_augment_requirements_without_relationships PASSED [ 25%]
tests/core/test_relationship_parser.py::test_build_relation_type_mapping PASSED [ 26%]
tests/core/test_relationship_parser.py::test_extract_spec_relation_with_missing_source PASSED [ 26%]
tests/core/test_relationship_parser.py::test_extract_spec_relation_with_missing_target PASSED [ 26%]
tests/core/test_relationship_parser.py::test_multiple_levels_hierarchy PASSED [ 27%]
tests/core/test_validators.py::test_signal_name_extraction PASSED        [ 27%]
tests/core/test_validators.py::test_valid_test_case PASSED               [ 28%]
tests/core/test_validators.py::test_invalid_signal_name PASSED           [ 28%]
tests/core/test_validators.py::test_fuzzy_matching_suggestion PASSED     [ 28%]
tests/core/test_validators.py::test_batch_validation_report PASSED       [ 29%]
tests/core/test_validators.py::test_no_interface_list PASSED             [ 29%]
tests/core/test_validators.py::test_empty_data_field PASSED              [ 30%]
tests/core/test_validators.py::test_data_format_validation PASSED        [ 30%]
tests/core/test_validators.py::test_multiple_invalid_signals PASSED      [ 30%]
tests/core/test_validators.py::test_similarity_threshold_configuration PASSED [ 31%]
tests/core/test_validators.py::test_signal_extraction_patterns PASSED    [ 31%]
tests/helpers/test_artifact_builder_verification.py::TestArtifactBuilder::test_create_basic_artifact PASSED [ 31%]
tests/helpers/test_artifact_builder_verification.py::TestArtifactBuilder::test_create_requirement_with_table PASSED [ 32%]
tests/helpers/test_artifact_builder_verification.py::TestArtifactBuilder::test_create_heading PASSED [ 32%]
tests/helpers/test_artifact_builder_verification.py::TestArtifactBuilder::test_create_information PASSED [ 33%]
tests/helpers/test_artifact_builder_verification.py::TestArtifactBuilder::test_create_interface PASSED [ 33%]
tests/helpers/test_artifact_builder_verification.py::TestArtifactBuilder::test_create_artifact_with_images PASSED [ 33%]
tests/helpers/test_artifact_builder_verification.py::TestArtifactBuilder::test_create_augmented_requirement PASSED [ 34%]
tests/helpers/test_artifact_builder_verification.py::TestArtifactBuilder::test_auto_generated_ids PASSED [ 34%]
tests/helpers/test_artifact_builder_verification.py::TestArtifactBuilder::test_xhtml_format_matches_production PASSED [ 34%]
tests/helpers/test_artifact_builder_verification.py::TestArtifactBuilder::test_object_tag_format_matches_reqif PASSED [ 35%]
tests/integration/test_edge_cases.py::TestMalformedFiles::test_empty_reqifz_file PASSED [ 35%]
tests/integration/test_edge_cases.py::TestMalformedFiles::test_invalid_zip_structure FAILED [ 36%]
tests/integration/test_edge_cases.py::TestMalformedFiles::test_zip_without_reqif_files FAILED [ 36%]
tests/integration/test_edge_cases.py::TestMalformedFiles::test_malformed_xml_in_reqif FAILED [ 36%]
tests/integration/test_edge_cases.py::TestMalformedFiles::test_xml_with_invalid_namespaces FAILED [ 37%]
tests/integration/test_edge_cases.py::TestMalformedFiles::test_extremely_large_reqif_file FAILED [ 37%]
tests/integration/test_edge_cases.py::TestNetworkErrorConditions::test_connection_refused_error PASSED [ 38%]
tests/integration/test_edge_cases.py::TestNetworkErrorConditions::test_timeout_error PASSED [ 38%]
tests/integration/test_edge_cases.py::TestNetworkErrorConditions::test_http_error_responses PASSED [ 38%]
tests/integration/test_edge_cases.py::TestNetworkErrorConditions::test_async_connection_errors PASSED [ 39%]
tests/integration/test_edge_cases.py::TestResourceConstraints::test_memory_pressure_simulation FAILED [ 39%]
tests/integration/test_edge_cases.py::TestResourceConstraints::test_concurrent_request_limiting FAILED [ 39%]
tests/integration/test_edge_cases.py::TestMalformedResponses::test_invalid_json_response FAILED [ 40%]
tests/integration/test_edge_cases.py::TestMalformedResponses::test_json_missing_test_cases_key FAILED [ 40%]
tests/integration/test_edge_cases.py::TestMalformedResponses::test_malformed_test_case_structure FAILED [ 41%]
tests/integration/test_edge_cases.py::TestMalformedResponses::test_extremely_large_response FAILED [ 41%]
tests/integration/test_edge_cases.py::TestJSONParserEdgeCases::test_nested_json_extraction PASSED [ 41%]
tests/integration/test_edge_cases.py::TestJSONParserEdgeCases::test_multiple_json_blocks PASSED [ 42%]
tests/integration/test_edge_cases.py::TestJSONParserEdgeCases::test_json_with_escaped_characters PASSED [ 42%]
tests/integration/test_end_to_end.py::TestEndToEndWorkflows::test_standard_mode_complete_workflow SKIPPED [ 42%]
tests/integration/test_end_to_end.py::TestEndToEndWorkflows::test_hp_mode_complete_workflow SKIPPED [ 43%]
tests/integration/test_end_to_end.py::TestEndToEndWorkflows::test_directory_processing_workflow FAILED [ 43%]
tests/integration/test_end_to_end.py::TestEndToEndWorkflows::test_error_handling_workflow PASSED [ 44%]
tests/integration/test_end_to_end.py::TestEndToEndWorkflows::test_template_validation_workflow FAILED [ 44%]
tests/integration/test_end_to_end.py::TestEndToEndWorkflows::test_configuration_workflow PASSED [ 44%]
tests/integration/test_end_to_end.py::TestEndToEndWorkflows::test_performance_comparison_workflow SKIPPED [ 45%]
tests/integration/test_end_to_end.py::TestEndToEndWorkflows::test_logging_integration_workflow PASSED [ 45%]
tests/integration/test_end_to_end.py::TestEndToEndWorkflows::test_secrets_management_workflow FAILED [ 46%]
tests/integration/test_end_to_end.py::TestErrorConditions::test_malformed_reqifz_handling FAILED [ 46%]
tests/integration/test_end_to_end.py::TestErrorConditions::test_ai_service_timeout_handling SKIPPED [ 46%]
tests/integration/test_end_to_end.py::TestErrorConditions::test_insufficient_permissions_handling SKIPPED [ 47%]
tests/integration/test_processors.py::TestREQIFZFileProcessor::test_process_file_success FAILED [ 47%]
tests/integration/test_processors.py::TestREQIFZFileProcessor::test_process_file_no_system_requirements FAILED [ 47%]
tests/integration/test_processors.py::TestREQIFZFileProcessor::test_process_directory FAILED [ 48%]
tests/integration/test_processors.py::TestREQIFZFileProcessor::test_validate_environment FAILED [ 48%]
tests/integration/test_processors.py::TestREQIFZFileProcessor::test_validate_environment_no_templates FAILED [ 49%]
tests/integration/test_processors.py::TestHighPerformanceREQIFZFileProcessor::test_process_file_success SKIPPED [ 49%]
tests/integration/test_processors.py::TestHighPerformanceREQIFZFileProcessor::test_process_file_with_failures FAILED [ 49%]
tests/integration/test_processors.py::TestHighPerformanceREQIFZFileProcessor::test_performance_monitoring PASSED [ 50%]
tests/integration/test_processors.py::TestHighPerformanceREQIFZFileProcessor::test_calculate_performance_metrics FAILED [ 50%]
tests/integration/test_real_integration.py::TestAPICompatibility::test_ollama_client_model_validation FAILED [ 50%]
tests/integration/test_real_integration.py::TestAPICompatibility::test_response_parser_real_json PASSED [ 51%]
tests/integration/test_real_integration.py::TestAPICompatibility::test_markdown_json_extraction PASSED [ 51%]
tests/integration/test_real_integration.py::TestConfigurationValidation::test_config_manager_environment_variables FAILED [ 52%]
tests/integration/test_real_integration.py::TestConfigurationValidation::test_pydantic_validation_real FAILED [ 52%]
tests/integration/test_real_integration.py::TestPerformanceValidation::test_json_parser_performance_comparison PASSED [ 52%]
tests/integration/test_real_integration.py::TestFileProcessingIntegration::test_processor_component_validation PASSED [ 53%]
tests/performance/test_regression_benchmarks.py::TestPerformanceRegressionBenchmarks::test_standard_processor_performance_regression ERROR [ 53%]
tests/performance/test_regression_benchmarks.py::TestPerformanceRegressionBenchmarks::test_context_aware_processing_performance ERROR [ 53%]
tests/performance/test_regression_benchmarks.py::TestPerformanceRegressionBenchmarks::test_processor_consistency[3] FAILED [ 54%]
tests/performance/test_regression_benchmarks.py::TestPerformanceRegressionBenchmarks::test_memory_efficiency_regression FAILED [ 54%]
tests/test_critical_improvements.py::TestCustomExceptions::test_ollama_connection_error_with_context PASSED [ 55%]
tests/test_critical_improvements.py::TestCustomExceptions::test_ollama_timeout_error_with_context PASSED [ 55%]
tests/test_critical_improvements.py::TestCustomExceptions::test_ollama_model_not_found_error_with_context PASSED [ 55%]
tests/test_critical_improvements.py::TestCustomExceptions::test_reqif_parsing_error_with_context PASSED [ 56%]
tests/test_critical_improvements.py::TestOllamaClientErrorHandling::test_connection_error_raises_ollama_connection_error PASSED [ 56%]
tests/test_critical_improvements.py::TestOllamaClientErrorHandling::test_timeout_error_raises_ollama_timeout_error PASSED [ 57%]
tests/test_critical_improvements.py::TestOllamaClientErrorHandling::test_model_not_found_raises_ollama_model_not_found_error PASSED [ 57%]
tests/test_critical_improvements.py::TestOllamaClientErrorHandling::test_invalid_json_response_raises_ollama_response_error PASSED [ 57%]
tests/test_critical_improvements.py::TestAsyncOllamaClientErrorHandling::test_async_connection_error_raises_ollama_connection_error PASSED [ 58%]
tests/test_critical_improvements.py::TestAsyncOllamaClientErrorHandling::test_async_timeout_error_raises_ollama_timeout_error PASSED [ 58%]
tests/test_critical_improvements.py::TestNoDoubleSemaphore::test_async_generator_has_no_semaphore_attribute FAILED [ 58%]
tests/test_critical_improvements.py::TestNoDoubleSemaphore::test_async_generator_only_uses_client_semaphore FAILED [ 59%]
tests/test_critical_improvements.py::TestConcurrentBatchProcessing::test_hp_processor_processes_all_requirements_concurrently FAILED [ 59%]
tests/test_critical_improvements.py::TestContextAwareProcessingIntegrity::test_base_processor_context_aware_logic_preserved PASSED [ 60%]
tests/test_critical_improvements.py::TestContextAwareProcessingIntegrity::test_context_reset_after_each_requirement PASSED [ 60%]
tests/test_critical_improvements.py::TestProcessorExceptionHandling::test_standard_processor_handles_connection_error FAILED [ 60%]
tests/test_critical_improvements.py::TestProcessorExceptionHandling::test_standard_processor_handles_model_not_found FAILED [ 61%]
tests/test_critical_improvements.py::TestPerformanceRegression::test_no_semaphore_allows_full_concurrency FAILED [ 61%]
tests/test_integration_refactored.py::TestStandardProcessorIntegration::test_standard_processor_complete_flow PASSED [ 61%]
tests/test_integration_refactored.py::TestStandardProcessorIntegration::test_standard_processor_no_artifacts PASSED [ 62%]
tests/test_integration_refactored.py::TestStandardProcessorIntegration::test_standard_processor_no_test_cases_generated PASSED [ 62%]
tests/test_integration_refactored.py::TestStandardProcessorIntegration::test_standard_processor_excel_save_failure PASSED [ 63%]
tests/test_integration_refactored.py::TestHPProcessorIntegration::test_hp_processor_complete_flow FAILED [ 63%]
tests/test_integration_refactored.py::TestHPProcessorIntegration::test_hp_processor_no_artifacts PASSED [ 63%]
tests/test_integration_refactored.py::TestHPProcessorIntegration::test_hp_processor_with_errors FAILED [ 64%]
tests/test_integration_refactored.py::TestContextPreservation::test_context_reset_between_requirements PASSED [ 64%]
tests/test_python314_ollama0125.py::test_python_version PASSED           [ 65%]
tests/test_python314_ollama0125.py::test_ollama_version PASSED           [ 65%]
tests/test_python314_ollama0125.py::test_type_aliases PASSED             [ 65%]
tests/test_python314_ollama0125.py::test_ollama_larger_context PASSED    [ 66%]
tests/test_python314_ollama0125.py::test_ollama_increased_response_length PASSED [ 66%]
tests/test_python314_ollama0125.py::test_ollama_gpu_offload PASSED       [ 66%]
tests/test_python314_ollama0125.py::test_ollama_version_url PASSED       [ 67%]
tests/test_python314_ollama0125.py::test_ollama_improved_gpu_concurrency PASSED [ 67%]
tests/test_python314_ollama0125.py::test_exception_response_body_field PASSED [ 68%]
tests/test_python314_ollama0125.py::test_taskgroup_available PASSED      [ 68%]
tests/test_python314_ollama0125.py::test_no_future_import_annotations FAILED [ 68%]
tests/test_python314_ollama0125.py::test_package_version PASSED          [ 69%]
tests/test_python314_ollama0125.py::test_config_defaults_for_ollama_0125 PASSED [ 69%]
tests/test_python314_ollama0125.py::test_python314_union_type_syntax PASSED [ 69%]
tests/test_refactoring.py::TestBaseProcessor::test_initialize_logger PASSED [ 70%]
tests/test_refactoring.py::TestBaseProcessor::test_build_augmented_requirements_with_context PASSED [ 70%]
tests/test_refactoring.py::TestBaseProcessor::test_build_augmented_requirements_no_requirements PASSED [ 71%]
tests/test_refactoring.py::TestBaseProcessor::test_build_augmented_requirements_no_heading PASSED [ 71%]
tests/test_refactoring.py::TestBaseProcessor::test_generate_output_path PASSED [ 71%]
tests/test_refactoring.py::TestBaseProcessor::test_generate_output_path_custom_dir PASSED [ 72%]
tests/test_refactoring.py::TestBaseProcessor::test_create_metadata PASSED [ 72%]
tests/test_refactoring.py::TestBaseProcessor::test_create_success_result PASSED [ 73%]
tests/test_refactoring.py::TestBaseProcessor::test_create_error_result PASSED [ 73%]
tests/test_refactoring.py::TestPromptBuilder::test_build_prompt_default_no_yaml PASSED [ 73%]
tests/test_refactoring.py::TestPromptBuilder::test_build_prompt_with_yaml_template PASSED [ 74%]
tests/test_refactoring.py::TestPromptBuilder::test_build_prompt_yaml_fallback_on_error PASSED [ 74%]
tests/test_refactoring.py::TestPromptBuilder::test_format_table_with_data PASSED [ 74%]
tests/test_refactoring.py::TestPromptBuilder::test_format_table_empty PASSED [ 75%]
tests/test_refactoring.py::TestPromptBuilder::test_format_table_truncation FAILED [ 75%]
tests/test_refactoring.py::TestPromptBuilder::test_format_info_list_with_data PASSED [ 76%]
tests/test_refactoring.py::TestPromptBuilder::test_format_info_list_empty PASSED [ 76%]
tests/test_refactoring.py::TestPromptBuilder::test_format_interfaces_with_data PASSED [ 76%]
tests/test_refactoring.py::TestPromptBuilder::test_format_interfaces_empty PASSED [ 77%]
tests/test_refactoring.py::TestPromptBuilder::test_format_interfaces_missing_id PASSED [ 77%]
tests/test_refactoring.py::TestGeneratorRefactoring::test_test_case_generator_uses_prompt_builder PASSED [ 77%]
tests/test_refactoring.py::TestGeneratorRefactoring::test_async_generator_uses_prompt_builder PASSED [ 78%]
tests/test_refactoring.py::TestGeneratorRefactoring::test_test_case_generator_no_coupling PASSED [ 78%]
tests/test_refactoring.py::TestGeneratorRefactoring::test_async_generator_no_sync_instantiation PASSED [ 79%]
tests/test_refactoring.py::TestErrorHandling::test_base_processor_extract_artifacts_failure PASSED [ 79%]
tests/test_refactoring.py::TestErrorHandling::test_prompt_builder_table_format_error PASSED [ 79%]
tests/test_refactoring.py::TestErrorHandling::test_generator_empty_response PASSED [ 80%]
tests/test_refactoring.py::TestErrorHandling::test_generator_exception_handling PASSED [ 80%]
tests/training/test_raft_collector.py::TestRAFTDataCollector::test_collector_initialization_enabled PASSED [ 80%]
tests/training/test_raft_collector.py::TestRAFTDataCollector::test_collect_example_success PASSED [ 81%]
tests/training/test_raft_collector.py::TestRAFTDataCollector::test_get_collection_stats_with_data PASSED [ 81%]
tests/training/test_raft_collector.py::TestRAFTDataCollector::test_clear_collected_data PASSED [ 82%]
tests/training/test_raft_collector.py::TestRAFTDataCollector::test_collector_disabled_no_op PASSED [ 82%]
tests/training/test_raft_collector.py::TestRAFTDataCollector::test_empty_requirement PASSED [ 82%]
tests/training/test_raft_collector.py::TestRAFTDataCollector::test_missing_context_fields PASSED [ 83%]
tests/training/test_raft_collector.py::TestRAFTDataCollector::test_get_stats_no_directory PASSED [ 83%]
tests/training/test_raft_collector.py::TestRAFTDataCollector::test_clear_data_when_disabled PASSED [ 84%]
tests/training/test_raft_collector.py::TestRAFTDataCollector::test_special_characters_in_requirement_id PASSED [ 84%]
tests/training/test_raft_collector.py::TestRAFTDataCollector::test_very_long_test_cases PASSED [ 84%]
tests/training/test_raft_collector.py::TestRAFTDataCollector::test_unicode_characters_in_context PASSED [ 85%]
tests/training/test_raft_collector.py::TestRAFTDataCollector::test_empty_info_and_interface_lists PASSED [ 85%]
tests/training/test_raft_collector.py::TestRAFTDataCollector::test_annotated_example_in_stats PASSED [ 85%]
tests/training/test_raft_collector.py::TestRAFTDataCollector::test_multiple_collectors_same_directory PASSED [ 86%]
tests/training/test_raft_dataset_builder.py::TestRAFTDatasetBuilder::test_builder_initialization PASSED [ 86%]
tests/training/test_raft_dataset_builder.py::TestRAFTDatasetBuilder::test_build_dataset_success PASSED [ 87%]
tests/training/test_raft_dataset_builder.py::TestRAFTDatasetBuilder::test_save_dataset_jsonl_format PASSED [ 87%]
tests/training/test_raft_dataset_builder.py::TestRAFTDatasetBuilder::test_filter_by_quality PASSED [ 87%]
tests/training/test_raft_dataset_builder.py::TestRAFTDatasetBuilder::test_build_dataset_empty_directory PASSED [ 88%]
tests/training/test_raft_dataset_builder.py::TestRAFTDatasetBuilder::test_build_dataset_nonexistent_directory PASSED [ 88%]
tests/training/test_raft_dataset_builder.py::TestRAFTDatasetBuilder::test_skip_unannotated_examples PASSED [ 88%]
tests/training/test_raft_dataset_builder.py::TestRAFTDatasetBuilder::test_save_empty_dataset_raises_error PASSED [ 89%]
tests/training/test_raft_dataset_builder.py::TestRAFTDatasetBuilder::test_only_oracle_context_no_distractors PASSED [ 89%]
tests/training/test_raft_dataset_builder.py::TestRAFTDatasetBuilder::test_mixed_annotated_and_unannotated PASSED [ 90%]
tests/training/test_raft_dataset_builder.py::TestRAFTDatasetBuilder::test_validate_dataset_format PASSED [ 90%]
tests/training/test_raft_dataset_builder.py::TestRAFTDatasetBuilder::test_unicode_in_context PASSED [ 90%]
tests/training/test_raft_dataset_builder.py::TestRAFTDatasetBuilder::test_get_dataset_stats PASSED [ 91%]
tests/training/test_raft_integration.py::TestRAFTIntegration::test_raft_disabled_no_collector_created PASSED [ 91%]
tests/training/test_raft_integration.py::TestRAFTIntegration::test_raft_enabled_collector_created PASSED [ 92%]
tests/training/test_raft_integration.py::TestRAFTIntegration::test_save_raft_example_no_op_when_disabled PASSED [ 92%]
tests/training/test_raft_integration.py::TestRAFTIntegration::test_save_raft_example_collects_when_enabled PASSED [ 92%]
tests/training/test_raft_integration.py::TestRAFTIntegration::test_build_augmented_requirements_unchanged_with_raft PASSED [ 93%]
tests/training/test_raft_integration.py::TestRAFTIntegration::test_context_reset_behavior_intact PASSED [ 93%]
tests/training/test_raft_integration.py::TestRAFTIntegration::test_raft_does_not_change_success_result PASSED [ 93%]
tests/training/test_raft_integration.py::TestRAFTIntegration::test_raft_does_not_change_error_result PASSED [ 94%]
tests/training/test_raft_integration.py::TestRAFTIntegration::test_raft_collection_minimal_overhead FAILED [ 94%]
tests/training/test_raft_integration.py::TestRAFTIntegration::test_processors_work_without_raft_config PASSED [ 95%]
tests/training/test_raft_integration.py::TestRAFTIntegration::test_logger_update_does_not_affect_raft_disabled PASSED [ 95%]
tests/unit/test_yaml_prompt_manager_fixed.py::TestYAMLPromptManagerFixed::test_initialization_success PASSED [ 95%]
tests/unit/test_yaml_prompt_manager_fixed.py::TestYAMLPromptManagerFixed::test_load_configuration_success PASSED [ 96%]
tests/unit/test_yaml_prompt_manager_fixed.py::TestYAMLPromptManagerFixed::test_get_test_prompt_basic PASSED [ 96%]
tests/unit/test_yaml_prompt_manager_fixed.py::TestYAMLPromptManagerFixed::test_get_test_prompt_with_template_name PASSED [ 96%]
tests/unit/test_yaml_prompt_manager_fixed.py::TestYAMLPromptManagerFixed::test_substitute_variables_basic PASSED [ 97%]
tests/unit/test_yaml_prompt_manager_fixed.py::TestYAMLPromptManagerFixed::test_substitute_variables_missing_variable PASSED [ 97%]
tests/unit/test_yaml_prompt_manager_fixed.py::TestYAMLPromptManagerFixed::test_list_templates PASSED [ 98%]
tests/unit/test_yaml_prompt_manager_fixed.py::TestYAMLPromptManagerFixed::test_get_template_info PASSED [ 98%]
tests/unit/test_yaml_prompt_manager_fixed.py::TestYAMLPromptManagerFixed::test_get_template_usage_summary PASSED [ 98%]
tests/unit/test_yaml_prompt_manager_fixed.py::TestYAMLPromptManagerFixed::test_reset_template_usage PASSED [ 99%]
tests/unit/test_yaml_prompt_manager_fixed.py::TestYAMLPromptManagerFixed::test_load_configuration_file_not_found PASSED [ 99%]
tests/unit/test_yaml_prompt_manager_fixed.py::TestYAMLPromptManagerFixed::test_load_configuration_yaml_error PASSED [100%]

=================================== ERRORS ====================================
_ ERROR at setup of TestPerformanceRegressionBenchmarks.test_standard_processor_performance_regression _
file C:\GitHub\AI_TC_Generator_v04_w_Trainer\tests\performance\test_regression_benchmarks.py, line 58
      def test_standard_processor_performance_regression(self, temp_reqifz_file, tmp_path, benchmark):
E       fixture 'benchmark' not found
>       available fixtures: anyio_backend, anyio_backend_name, anyio_backend_options, cache, capfd, capfdbinary, caplog, capsys, capsysbinary, capteesys, cov, doctest_namespace, event_loop, free_tcp_port, free_tcp_port_factory, free_udp_port, free_udp_port_factory, mock_async_ollama_client, mock_logger, mock_ollama_client, monkeypatch, no_cover, pytestconfig, record_property, record_testsuite_property, record_xml_attribute, recwarn, sample_reqifz_data, sample_requirement, sample_requirements_list, sample_test_cases, temp_reqifz_file, tmp_path, tmp_path_factory, tmpdir, tmpdir_factory, unused_tcp_port, unused_tcp_port_factory, unused_udp_port, unused_udp_port_factory
>       use 'pytest --fixtures [testpath]' for help on them.

C:\GitHub\AI_TC_Generator_v04_w_Trainer\tests\performance\test_regression_benchmarks.py:58
_ ERROR at setup of TestPerformanceRegressionBenchmarks.test_context_aware_processing_performance _
file C:\GitHub\AI_TC_Generator_v04_w_Trainer\tests\performance\test_regression_benchmarks.py, line 124
      def test_context_aware_processing_performance(self, benchmark):
E       fixture 'benchmark' not found
>       available fixtures: anyio_backend, anyio_backend_name, anyio_backend_options, cache, capfd, capfdbinary, caplog, capsys, capsysbinary, capteesys, cov, doctest_namespace, event_loop, free_tcp_port, free_tcp_port_factory, free_udp_port, free_udp_port_factory, mock_async_ollama_client, mock_logger, mock_ollama_client, monkeypatch, no_cover, pytestconfig, record_property, record_testsuite_property, record_xml_attribute, recwarn, sample_reqifz_data, sample_requirement, sample_requirements_list, sample_test_cases, temp_reqifz_file, tmp_path, tmp_path_factory, tmpdir, tmpdir_factory, unused_tcp_port, unused_tcp_port_factory, unused_udp_port, unused_udp_port_factory
>       use 'pytest --fixtures [testpath]' for help on them.

C:\GitHub\AI_TC_Generator_v04_w_Trainer\tests\performance\test_regression_benchmarks.py:124
================================== FAILURES ===================================
________________ TestMalformedFiles.test_invalid_zip_structure ________________

self = <test_edge_cases.TestMalformedFiles object at 0x000001A64E6DEE90>
mock_config = ConfigManager(ollama=OllamaConfig(host='127.0.0.1', port=11434, timeout=5, api_key=None, auth_token=None, temperature=..., output_directory=None, verbose=False, debug=False, performance=False, presets={}, environments={}, model_configs={}))

    def test_invalid_zip_structure(self, mock_config):
        """Test handling of files with invalid ZIP structure"""
        with tempfile.NamedTemporaryFile(suffix=".reqifz", delete=False) as temp_file:
            # Write random bytes that are not a valid ZIP
            temp_file.write(b"This is definitely not a ZIP file content")
            temp_file.flush()
    
            try:
                extractor = REQIFArtifactExtractor()
                result = extractor.extract_reqifz_content(Path(temp_file.name))
    
                # Should handle gracefully and return empty list
                assert isinstance(result, list)
                assert len(result) == 0
    
            finally:
>               Path(temp_file.name).unlink()

tests\integration\test_edge_cases.py:65: 
_ _ _ _ _ _ _ _ _ _ _ _ _ _ _ _ _ _ _ _ _ _ _ _ _ _ _ _ _ _ _ _ _ _ _ _ _ _ _ _

self = WindowsPath('C:/Users/BRAMPRAK/AppData/Local/Temp/tmp3fv3twao.reqifz')
missing_ok = False

    def unlink(self, missing_ok=False):
        """
        Remove this file or link.
        If the path is a directory, use rmdir() instead.
        """
        try:
>           os.unlink(self)
E           PermissionError: [WinError 32] The process cannot access the file because it is being used by another process: 'C:\\Users\\BRAMPRAK\\AppData\\Local\\Temp\\tmp3fv3twao.reqifz'

C:\Program Files\Python314\Lib\pathlib\__init__.py:1047: PermissionError
_______________ TestMalformedFiles.test_zip_without_reqif_files _______________

self = <test_edge_cases.TestMalformedFiles object at 0x000001A64E7A8FC0>
mock_config = ConfigManager(ollama=OllamaConfig(host='127.0.0.1', port=11434, timeout=5, api_key=None, auth_token=None, temperature=..., output_directory=None, verbose=False, debug=False, performance=False, presets={}, environments={}, model_configs={}))

    def test_zip_without_reqif_files(self, mock_config):
        """Test handling of ZIP files without .reqif files"""
        with tempfile.NamedTemporaryFile(suffix=".reqifz", delete=False) as temp_file:
            # Create a valid ZIP file but without .reqif files
            with zipfile.ZipFile(temp_file.name, 'w') as zip_file:
                zip_file.writestr("readme.txt", "This ZIP has no REQIF files")
                zip_file.writestr("data.json", '{"message": "no reqif here"}')
    
            try:
                extractor = REQIFArtifactExtractor()
                result = extractor.extract_reqifz_content(Path(temp_file.name))
    
                assert isinstance(result, list)
                assert len(result) == 0
    
            finally:
>               Path(temp_file.name).unlink()

tests\integration\test_edge_cases.py:83: 
_ _ _ _ _ _ _ _ _ _ _ _ _ _ _ _ _ _ _ _ _ _ _ _ _ _ _ _ _ _ _ _ _ _ _ _ _ _ _ _

self = WindowsPath('C:/Users/BRAMPRAK/AppData/Local/Temp/tmpo4btw00o.reqifz')
missing_ok = False

    def unlink(self, missing_ok=False):
        """
        Remove this file or link.
        If the path is a directory, use rmdir() instead.
        """
        try:
>           os.unlink(self)
E           PermissionError: [WinError 32] The process cannot access the file because it is being used by another process: 'C:\\Users\\BRAMPRAK\\AppData\\Local\\Temp\\tmpo4btw00o.reqifz'

C:\Program Files\Python314\Lib\pathlib\__init__.py:1047: PermissionError
_______________ TestMalformedFiles.test_malformed_xml_in_reqif ________________

self = <test_edge_cases.TestMalformedFiles object at 0x000001A64E7A9350>
mock_config = ConfigManager(ollama=OllamaConfig(host='127.0.0.1', port=11434, timeout=5, api_key=None, auth_token=None, temperature=..., output_directory=None, verbose=False, debug=False, performance=False, presets={}, environments={}, model_configs={}))

    def test_malformed_xml_in_reqif(self, mock_config):
        """Test handling of malformed XML in REQIF files"""
        with tempfile.NamedTemporaryFile(suffix=".reqifz", delete=False) as temp_file:
            # Create ZIP with malformed XML
            with zipfile.ZipFile(temp_file.name, 'w') as zip_file:
                malformed_xml = """<?xml version="1.0" encoding="UTF-8"?>
                <reqif:REQ-IF xmlns:reqif="http://www.omg.org/spec/ReqIF/20110401/reqif.xsd">
                    <reqif:SPEC-OBJECT>
                        <unclosed-tag>
                            <another-tag>content</another-tag>
                        <!-- Missing closing tag for unclosed-tag -->
                    </reqif:SPEC-OBJECT>
                </reqif:REQ-IF>"""
                zip_file.writestr("malformed.reqif", malformed_xml)
    
            try:
                extractor = REQIFArtifactExtractor()
                result = extractor.extract_reqifz_content(Path(temp_file.name))
    
                # Should handle XML parsing errors gracefully
                assert isinstance(result, list)
    
            finally:
>               Path(temp_file.name).unlink()

tests\integration\test_edge_cases.py:108: 
_ _ _ _ _ _ _ _ _ _ _ _ _ _ _ _ _ _ _ _ _ _ _ _ _ _ _ _ _ _ _ _ _ _ _ _ _ _ _ _

self = WindowsPath('C:/Users/BRAMPRAK/AppData/Local/Temp/tmp6zatdz4z.reqifz')
missing_ok = False

    def unlink(self, missing_ok=False):
        """
        Remove this file or link.
        If the path is a directory, use rmdir() instead.
        """
        try:
>           os.unlink(self)
E           PermissionError: [WinError 32] The process cannot access the file because it is being used by another process: 'C:\\Users\\BRAMPRAK\\AppData\\Local\\Temp\\tmp6zatdz4z.reqifz'

C:\Program Files\Python314\Lib\pathlib\__init__.py:1047: PermissionError
_____________ TestMalformedFiles.test_xml_with_invalid_namespaces _____________

self = <test_edge_cases.TestMalformedFiles object at 0x000001A64E727E30>
mock_config = ConfigManager(ollama=OllamaConfig(host='127.0.0.1', port=11434, timeout=5, api_key=None, auth_token=None, temperature=..., output_directory=None, verbose=False, debug=False, performance=False, presets={}, environments={}, model_configs={}))

    def test_xml_with_invalid_namespaces(self, mock_config):
        """Test handling of XML with invalid or missing namespaces"""
        with tempfile.NamedTemporaryFile(suffix=".reqifz", delete=False) as temp_file:
            # Create ZIP with XML using wrong namespaces
            with zipfile.ZipFile(temp_file.name, 'w') as zip_file:
                invalid_namespace_xml = """<?xml version="1.0" encoding="UTF-8"?>
                <wrong:REQ-IF xmlns:wrong="http://wrong.namespace.com">
                    <wrong:SPEC-OBJECT IDENTIFIER="TEST_001">
                        <wrong:VALUES>
                            <wrong:ATTRIBUTE-VALUE-STRING>
                                <wrong:THE-VALUE>Test content</wrong:THE-VALUE>
                            </wrong:ATTRIBUTE-VALUE-STRING>
                        </wrong:VALUES>
                    </wrong:SPEC-OBJECT>
                </wrong:REQ-IF>"""
                zip_file.writestr("invalid_ns.reqif", invalid_namespace_xml)
    
            try:
                extractor = REQIFArtifactExtractor()
                result = extractor.extract_reqifz_content(Path(temp_file.name))
    
                # Should handle namespace issues gracefully
                assert isinstance(result, list)
    
            finally:
>               Path(temp_file.name).unlink()

tests\integration\test_edge_cases.py:135: 
_ _ _ _ _ _ _ _ _ _ _ _ _ _ _ _ _ _ _ _ _ _ _ _ _ _ _ _ _ _ _ _ _ _ _ _ _ _ _ _

self = WindowsPath('C:/Users/BRAMPRAK/AppData/Local/Temp/tmpv0x9h0qc.reqifz')
missing_ok = False

    def unlink(self, missing_ok=False):
        """
        Remove this file or link.
        If the path is a directory, use rmdir() instead.
        """
        try:
>           os.unlink(self)
E           PermissionError: [WinError 32] The process cannot access the file because it is being used by another process: 'C:\\Users\\BRAMPRAK\\AppData\\Local\\Temp\\tmpv0x9h0qc.reqifz'

C:\Program Files\Python314\Lib\pathlib\__init__.py:1047: PermissionError
_____________ TestMalformedFiles.test_extremely_large_reqif_file ______________

self = <test_edge_cases.TestMalformedFiles object at 0x000001A64E713790>
mock_config = ConfigManager(ollama=OllamaConfig(host='127.0.0.1', port=11434, timeout=5, api_key=None, auth_token=None, temperature=..., output_directory=None, verbose=False, debug=False, performance=False, presets={}, environments={}, model_configs={}))

    def test_extremely_large_reqif_file(self, mock_config):
        """Test handling of very large REQIF files"""
        with tempfile.NamedTemporaryFile(suffix=".reqifz", delete=False) as temp_file:
            # Create a large XML file (simulate many spec objects)
            with zipfile.ZipFile(temp_file.name, 'w', compression=zipfile.ZIP_DEFLATED) as zip_file:
                large_xml = """<?xml version="1.0" encoding="UTF-8"?>
                <reqif:REQ-IF xmlns:reqif="http://www.omg.org/spec/ReqIF/20110401/reqif.xsd">"""
    
                # Add many spec objects to simulate large file
                for i in range(1000):  # 1000 spec objects
                    large_xml += f"""
                    <reqif:SPEC-OBJECT IDENTIFIER="SPEC_{i:04d}">
                        <reqif:VALUES>
                            <reqif:ATTRIBUTE-VALUE-STRING ATTRIBUTE-DEFINITION-REF="HEADING">
                                <reqif:THE-VALUE>Test Requirement {i}</reqif:THE-VALUE>
                            </reqif:ATTRIBUTE-VALUE-STRING>
                        </reqif:VALUES>
                    </reqif:SPEC-OBJECT>"""
    
                large_xml += "\n</reqif:REQ-IF>"
                zip_file.writestr("large.reqif", large_xml)
    
            try:
                # Test with high-performance extractor
                extractor = HighPerformanceREQIFArtifactExtractor(max_workers=2)
                start_time = time.time()
                result = extractor.extract_reqifz_content(Path(temp_file.name))
                processing_time = time.time() - start_time
    
                # Should handle large files and return results
                assert isinstance(result, list)
                assert len(result) > 0
                assert processing_time < 30  # Should complete within reasonable time
    
            finally:
>               Path(temp_file.name).unlink()

tests\integration\test_edge_cases.py:172: 
_ _ _ _ _ _ _ _ _ _ _ _ _ _ _ _ _ _ _ _ _ _ _ _ _ _ _ _ _ _ _ _ _ _ _ _ _ _ _ _

self = WindowsPath('C:/Users/BRAMPRAK/AppData/Local/Temp/tmpbph6nro1.reqifz')
missing_ok = False

    def unlink(self, missing_ok=False):
        """
        Remove this file or link.
        If the path is a directory, use rmdir() instead.
        """
        try:
>           os.unlink(self)
E           PermissionError: [WinError 32] The process cannot access the file because it is being used by another process: 'C:\\Users\\BRAMPRAK\\AppData\\Local\\Temp\\tmpbph6nro1.reqifz'

C:\Program Files\Python314\Lib\pathlib\__init__.py:1047: PermissionError
___________ TestResourceConstraints.test_memory_pressure_simulation ___________

self = <test_edge_cases.TestResourceConstraints object at 0x000001A64E6DF250>
mock_config = ConfigManager(ollama=OllamaConfig(host='127.0.0.1', port=11434, timeout=600, api_key=None, auth_token=None, temperatur..., output_directory=None, verbose=False, debug=False, performance=False, presets={}, environments={}, model_configs={}))

    def test_memory_pressure_simulation(self, mock_config):
        """Test behavior under simulated memory pressure"""
        # Create a large number of requirements to process
        large_requirements = []
        for i in range(100):
            large_requirements.append({
                "id": f"REQ_{i:03d}",
                "type": "System Requirement",
                "heading": f"Requirement {i}",
                "text": "x" * 1000,  # Large text content
            })
    
        # Mock AI client to return responses quickly
>       with patch('src.core.generators.OllamaClient') as mock_client_class:
             ^^^^^^^^^^^^^^^^^^^^^^^^^^^^^^^^^^^^^^^^^

tests\integration\test_edge_cases.py:266: 
_ _ _ _ _ _ _ _ _ _ _ _ _ _ _ _ _ _ _ _ _ _ _ _ _ _ _ _ _ _ _ _ _ _ _ _ _ _ _ _
C:\Program Files\Python314\Lib\unittest\mock.py:1503: in __enter__
    original, local = self.get_original()
                      ^^^^^^^^^^^^^^^^^^^
_ _ _ _ _ _ _ _ _ _ _ _ _ _ _ _ _ _ _ _ _ _ _ _ _ _ _ _ _ _ _ _ _ _ _ _ _ _ _ _

self = <unittest.mock._patch object at 0x000001A650415C50>

    def get_original(self):
        target = self.getter()
        name = self.attribute
    
        original = DEFAULT
        local = False
    
        try:
            original = target.__dict__[name]
        except (AttributeError, KeyError):
            original = getattr(target, name, DEFAULT)
        else:
            local = True
    
        if name in _builtins and isinstance(target, ModuleType):
            self.create = True
    
        if not self.create and original is DEFAULT:
>           raise AttributeError(
                "%s does not have the attribute %r" % (target, name)
            )
E           AttributeError: <module 'src.core.generators' from 'C:\\GitHub\\AI_TC_Generator_v04_w_Trainer\\src\\core\\generators.py'> does not have the attribute 'OllamaClient'

C:\Program Files\Python314\Lib\unittest\mock.py:1473: AttributeError
__________ TestResourceConstraints.test_concurrent_request_limiting ___________

self = <test_edge_cases.TestResourceConstraints object at 0x000001A64E6DF390>
mock_config = ConfigManager(ollama=OllamaConfig(host='127.0.0.1', port=11434, timeout=600, api_key=None, auth_token=None, temperatur..., output_directory=None, verbose=False, debug=False, performance=False, presets={}, environments={}, model_configs={}))

    @pytest.mark.asyncio
    async def test_concurrent_request_limiting(self, mock_config):
        """Test that concurrent request limits are respected"""
        # Mock async client
        with patch('src.core.ollama_client.AsyncOllamaClient') as mock_client_class:
            call_count = 0
    
            async def mock_generate(*args, **kwargs):
                nonlocal call_count
                call_count += 1
                # Simulate some processing time
                await asyncio.sleep(0.1)
                return json.dumps({"test_cases": []})
    
            mock_client = mock_client_class.return_value
            mock_client.generate_response = mock_generate
    
>           generator = AsyncTestCaseGenerator(mock_client, max_concurrent=2)
                        ^^^^^^^^^^^^^^^^^^^^^^^^^^^^^^^^^^^^^^^^^^^^^^^^^^^^^
E           TypeError: AsyncTestCaseGenerator.__init__() got an unexpected keyword argument 'max_concurrent'. Did you mean '_max_concurrent'?

tests\integration\test_edge_cases.py:300: TypeError
______________ TestMalformedResponses.test_invalid_json_response ______________

self = <test_edge_cases.TestMalformedResponses object at 0x000001A64E6DF4D0>
mock_config = ConfigManager(ollama=OllamaConfig(host='127.0.0.1', port=11434, timeout=600, api_key=None, auth_token=None, temperatur..., output_directory=None, verbose=False, debug=False, performance=False, presets={}, environments={}, model_configs={}))

    def test_invalid_json_response(self, mock_config):
        """Test handling of invalid JSON in AI response"""
>       with patch('src.core.generators.OllamaClient') as mock_client_class:
             ^^^^^^^^^^^^^^^^^^^^^^^^^^^^^^^^^^^^^^^^^

tests\integration\test_edge_cases.py:331: 
_ _ _ _ _ _ _ _ _ _ _ _ _ _ _ _ _ _ _ _ _ _ _ _ _ _ _ _ _ _ _ _ _ _ _ _ _ _ _ _
C:\Program Files\Python314\Lib\unittest\mock.py:1503: in __enter__
    original, local = self.get_original()
                      ^^^^^^^^^^^^^^^^^^^
_ _ _ _ _ _ _ _ _ _ _ _ _ _ _ _ _ _ _ _ _ _ _ _ _ _ _ _ _ _ _ _ _ _ _ _ _ _ _ _

self = <unittest.mock._patch object at 0x000001A6504166D0>

    def get_original(self):
        target = self.getter()
        name = self.attribute
    
        original = DEFAULT
        local = False
    
        try:
            original = target.__dict__[name]
        except (AttributeError, KeyError):
            original = getattr(target, name, DEFAULT)
        else:
            local = True
    
        if name in _builtins and isinstance(target, ModuleType):
            self.create = True
    
        if not self.create and original is DEFAULT:
>           raise AttributeError(
                "%s does not have the attribute %r" % (target, name)
            )
E           AttributeError: <module 'src.core.generators' from 'C:\\GitHub\\AI_TC_Generator_v04_w_Trainer\\src\\core\\generators.py'> does not have the attribute 'OllamaClient'

C:\Program Files\Python314\Lib\unittest\mock.py:1473: AttributeError
___________ TestMalformedResponses.test_json_missing_test_cases_key ___________

self = <test_edge_cases.TestMalformedResponses object at 0x000001A64E6DF610>
mock_config = ConfigManager(ollama=OllamaConfig(host='127.0.0.1', port=11434, timeout=600, api_key=None, auth_token=None, temperatur..., output_directory=None, verbose=False, debug=False, performance=False, presets={}, environments={}, model_configs={}))

    def test_json_missing_test_cases_key(self, mock_config):
        """Test handling of JSON response missing expected keys"""
>       with patch('src.core.generators.OllamaClient') as mock_client_class:
             ^^^^^^^^^^^^^^^^^^^^^^^^^^^^^^^^^^^^^^^^^

tests\integration\test_edge_cases.py:347: 
_ _ _ _ _ _ _ _ _ _ _ _ _ _ _ _ _ _ _ _ _ _ _ _ _ _ _ _ _ _ _ _ _ _ _ _ _ _ _ _
C:\Program Files\Python314\Lib\unittest\mock.py:1503: in __enter__
    original, local = self.get_original()
                      ^^^^^^^^^^^^^^^^^^^
_ _ _ _ _ _ _ _ _ _ _ _ _ _ _ _ _ _ _ _ _ _ _ _ _ _ _ _ _ _ _ _ _ _ _ _ _ _ _ _

self = <unittest.mock._patch object at 0x000001A6504151D0>

    def get_original(self):
        target = self.getter()
        name = self.attribute
    
        original = DEFAULT
        local = False
    
        try:
            original = target.__dict__[name]
        except (AttributeError, KeyError):
            original = getattr(target, name, DEFAULT)
        else:
            local = True
    
        if name in _builtins and isinstance(target, ModuleType):
            self.create = True
    
        if not self.create and original is DEFAULT:
>           raise AttributeError(
                "%s does not have the attribute %r" % (target, name)
            )
E           AttributeError: <module 'src.core.generators' from 'C:\\GitHub\\AI_TC_Generator_v04_w_Trainer\\src\\core\\generators.py'> does not have the attribute 'OllamaClient'

C:\Program Files\Python314\Lib\unittest\mock.py:1473: AttributeError
__________ TestMalformedResponses.test_malformed_test_case_structure __________

self = <test_edge_cases.TestMalformedResponses object at 0x000001A64E7A96E0>
mock_config = ConfigManager(ollama=OllamaConfig(host='127.0.0.1', port=11434, timeout=600, api_key=None, auth_token=None, temperatur..., output_directory=None, verbose=False, debug=False, performance=False, presets={}, environments={}, model_configs={}))

    def test_malformed_test_case_structure(self, mock_config):
        """Test handling of malformed test case structures in response"""
>       with patch('src.core.generators.OllamaClient') as mock_client_class:
             ^^^^^^^^^^^^^^^^^^^^^^^^^^^^^^^^^^^^^^^^^

tests\integration\test_edge_cases.py:367: 
_ _ _ _ _ _ _ _ _ _ _ _ _ _ _ _ _ _ _ _ _ _ _ _ _ _ _ _ _ _ _ _ _ _ _ _ _ _ _ _
C:\Program Files\Python314\Lib\unittest\mock.py:1503: in __enter__
    original, local = self.get_original()
                      ^^^^^^^^^^^^^^^^^^^
_ _ _ _ _ _ _ _ _ _ _ _ _ _ _ _ _ _ _ _ _ _ _ _ _ _ _ _ _ _ _ _ _ _ _ _ _ _ _ _

self = <unittest.mock._patch object at 0x000001A650409E10>

    def get_original(self):
        target = self.getter()
        name = self.attribute
    
        original = DEFAULT
        local = False
    
        try:
            original = target.__dict__[name]
        except (AttributeError, KeyError):
            original = getattr(target, name, DEFAULT)
        else:
            local = True
    
        if name in _builtins and isinstance(target, ModuleType):
            self.create = True
    
        if not self.create and original is DEFAULT:
>           raise AttributeError(
                "%s does not have the attribute %r" % (target, name)
            )
E           AttributeError: <module 'src.core.generators' from 'C:\\GitHub\\AI_TC_Generator_v04_w_Trainer\\src\\core\\generators.py'> does not have the attribute 'OllamaClient'

C:\Program Files\Python314\Lib\unittest\mock.py:1473: AttributeError
____________ TestMalformedResponses.test_extremely_large_response _____________

self = <test_edge_cases.TestMalformedResponses object at 0x000001A64E7A9810>
mock_config = ConfigManager(ollama=OllamaConfig(host='127.0.0.1', port=11434, timeout=600, api_key=None, auth_token=None, temperatur..., output_directory=None, verbose=False, debug=False, performance=False, presets={}, environments={}, model_configs={}))

    def test_extremely_large_response(self, mock_config):
        """Test handling of extremely large AI responses"""
        # Create a very large response
        large_response = {
            "test_cases": []
        }
    
        # Add many test cases with large content
        for i in range(1000):
            large_response["test_cases"].append({
                "test_id": f"TC_{i:04d}",
                "summary": f"Test case {i} " + "x" * 1000,  # Large summary
                "preconditions": "Large preconditions " + "y" * 500,
                "test_steps": [f"Step {j} " + "z" * 200 for j in range(10)],  # Many large steps
                "expected_result": "Large expected result " + "w" * 800
            })
    
>       with patch('src.core.generators.OllamaClient') as mock_client_class:
             ^^^^^^^^^^^^^^^^^^^^^^^^^^^^^^^^^^^^^^^^^

tests\integration\test_edge_cases.py:421: 
_ _ _ _ _ _ _ _ _ _ _ _ _ _ _ _ _ _ _ _ _ _ _ _ _ _ _ _ _ _ _ _ _ _ _ _ _ _ _ _
C:\Program Files\Python314\Lib\unittest\mock.py:1503: in __enter__
    original, local = self.get_original()
                      ^^^^^^^^^^^^^^^^^^^
_ _ _ _ _ _ _ _ _ _ _ _ _ _ _ _ _ _ _ _ _ _ _ _ _ _ _ _ _ _ _ _ _ _ _ _ _ _ _ _

self = <unittest.mock._patch object at 0x000001A65040AB30>

    def get_original(self):
        target = self.getter()
        name = self.attribute
    
        original = DEFAULT
        local = False
    
        try:
            original = target.__dict__[name]
        except (AttributeError, KeyError):
            original = getattr(target, name, DEFAULT)
        else:
            local = True
    
        if name in _builtins and isinstance(target, ModuleType):
            self.create = True
    
        if not self.create and original is DEFAULT:
>           raise AttributeError(
                "%s does not have the attribute %r" % (target, name)
            )
E           AttributeError: <module 'src.core.generators' from 'C:\\GitHub\\AI_TC_Generator_v04_w_Trainer\\src\\core\\generators.py'> does not have the attribute 'OllamaClient'

C:\Program Files\Python314\Lib\unittest\mock.py:1473: AttributeError
__________ TestEndToEndWorkflows.test_directory_processing_workflow ___________

self = <test_end_to_end.TestEndToEndWorkflows object at 0x000001A64E7A9A70>
mock_config = ConfigManager(ollama=OllamaConfig(host='127.0.0.1', port=11434, timeout=30, api_key=None, auth_token=None, temperature..., output_directory=None, verbose=False, debug=False, performance=False, presets={}, environments={}, model_configs={}))
temp_output_dir = WindowsPath('C:/Users/BRAMPRAK/AppData/Local/Temp/tmpe9mi7l7p')
mock_ai_response = {'test_cases': [{'expected_result': 'Window moves down smoothly', 'preconditions': 'Vehicle ignition on', 'summary': '...tion', 'preconditions': 'Window in motion', 'summary': 'Test window obstruction detection', 'test_id': 'TC_002', ...}]}

    def test_directory_processing_workflow(self, mock_config, temp_output_dir, mock_ai_response):
        """Test directory processing workflow"""
        # Create temporary input directory with mock REQIFZ files
        with tempfile.TemporaryDirectory() as input_dir:
            input_path = Path(input_dir)
    
            # Create mock REQIFZ files (we'll mock the extraction)
            mock_file1 = input_path / "test1.reqifz"
            mock_file2 = input_path / "test2.reqifz"
            mock_file1.touch()
            mock_file2.touch()
    
            # Mock the extraction and AI processing
            with patch('src.core.extractors.REQIFArtifactExtractor.extract_reqifz_content') as mock_extract, \
                 patch('src.processors.standard_processor.OllamaClient') as mock_client_class:
    
                # Mock extraction to return sample artifacts
                mock_extract.return_value = [
                    {
                        "id": "REQ_001",
                        "type": "System Requirement",
                        "heading": "Door Window Control",
                        "text": "The system shall control door window operation",
                    }
                ]
    
                # Mock AI client
                mock_client = mock_client_class.return_value
                mock_client.generate_response.return_value = json.dumps(mock_ai_response)
    
                # Initialize processor
                processor = REQIFZFileProcessor(mock_config)
    
                # Process directory
>               results = processor.process_directory(
                    input_dir=input_path,
                    model="llama3.1:8b",
                    template=None,
                    output_dir=temp_output_dir
                )
E               TypeError: REQIFZFileProcessor.process_directory() got an unexpected keyword argument 'input_dir'. Did you mean 'output_dir'?

tests\integration\test_end_to_end.py:190: TypeError
---------------------------- Captured stdout call -----------------------------
\u2705 Loaded prompt configuration from prompts\\config\\prompt_config.yaml\n\u2705 Loaded 1 test generation templates
___________ TestEndToEndWorkflows.test_template_validation_workflow ___________

self = <test_end_to_end.TestEndToEndWorkflows object at 0x000001A64EE097F0>
mock_config = ConfigManager(ollama=OllamaConfig(host='127.0.0.1', port=11434, timeout=30, api_key=None, auth_token=None, temperature..., output_directory=None, verbose=False, debug=False, performance=False, presets={}, environments={}, model_configs={}))

    def test_template_validation_workflow(self, mock_config):
        """Test template validation workflow"""
        from src.yaml_prompt_manager import YAMLPromptManager
    
        # Initialize YAML manager
        yaml_manager = YAMLPromptManager()
    
        # Test template loading
        templates = yaml_manager.test_prompts
        assert len(templates) > 0
    
        # Test template structure validation
        for template_name, template_data in templates.items():
>           assert "prompt" in template_data
E           AssertionError: assert 'prompt' in {'category': 'general', 'description': 'Smart prompt that adapts to table-based or text-only requirements automatically', 'name': 'Adaptive Test Generation (Table + Text)', 'tags': ['automotive', 'adaptive', 'table-and-text', 'intelligent'], ...}

tests\integration\test_end_to_end.py:236: AssertionError
---------------------------- Captured stdout call -----------------------------
\u2705 Loaded prompt configuration from prompts\\config\\prompt_config.yaml\n\u2705 Loaded 1 test generation templates
___________ TestEndToEndWorkflows.test_secrets_management_workflow ____________

self = <test_end_to_end.TestEndToEndWorkflows object at 0x000001A64EE34B50>
mock_config = ConfigManager(ollama=OllamaConfig(host='127.0.0.1', port=11434, timeout=30, api_key=None, auth_token=None, temperature..., output_directory=None, verbose=False, debug=False, performance=False, presets={}, environments={}, model_configs={}))

    def test_secrets_management_workflow(self, mock_config):
        """Test secrets management workflow"""
        import os
    
        # Set test environment variables
        test_env_vars = {
            "AI_TG_OLLAMA_API_KEY": "test_api_key_123",
            "AI_TG_EXTERNAL_API_KEY": "external_key_456",
            "AI_TG_ENCRYPTION": "true"
        }
    
        # Set environment variables
        for key, value in test_env_vars.items():
            os.environ[key] = value
    
        try:
            # Create new config to pick up environment variables
            new_config = ConfigManager()
    
            # Test secrets were loaded
            assert new_config.secrets.ollama_api_key == "test_api_key_123"
            assert new_config.secrets.external_api_key == "external_key_456"
    
            # Test secrets masking
            secrets_summary = new_config.secrets.get_masked_summary()
>           assert "test_" in secrets_summary["ollama_api_key"]
E           AssertionError: assert 'test_' in 'test***23'

tests\integration\test_end_to_end.py:370: AssertionError
_____________ TestErrorConditions.test_malformed_reqifz_handling ______________

self = <test_end_to_end.TestErrorConditions object at 0x000001A64EDE9E50>
mock_config = ConfigManager(ollama=OllamaConfig(host='127.0.0.1', port=11434, timeout=30, api_key=None, auth_token=None, temperature..., output_directory=None, verbose=False, debug=False, performance=False, presets={}, environments={}, model_configs={}))
temp_output_dir = WindowsPath('C:/Users/BRAMPRAK/AppData/Local/Temp/tmprn71pytf')

    def test_malformed_reqifz_handling(self, mock_config, temp_output_dir):
        """Test handling of malformed REQIFZ files"""
        with tempfile.NamedTemporaryFile(suffix=".reqifz", delete=False) as temp_file:
            # Write invalid ZIP content
            temp_file.write(b"This is not a valid ZIP file")
            temp_file.flush()
    
            try:
                processor = REQIFZFileProcessor(mock_config)
                result = processor.process_file(
                    reqifz_path=Path(temp_file.name),
                    model="llama3.1:8b",
                    template=None,
                    output_dir=temp_output_dir
                )
    
                # Verify graceful error handling
                assert result["success"] is False
                assert "error" in result
    
            finally:
>               Path(temp_file.name).unlink()

tests\integration\test_end_to_end.py:431: 
_ _ _ _ _ _ _ _ _ _ _ _ _ _ _ _ _ _ _ _ _ _ _ _ _ _ _ _ _ _ _ _ _ _ _ _ _ _ _ _

self = WindowsPath('C:/Users/BRAMPRAK/AppData/Local/Temp/tmpl8s08y2_.reqifz')
missing_ok = False

    def unlink(self, missing_ok=False):
        """
        Remove this file or link.
        If the path is a directory, use rmdir() instead.
        """
        try:
>           os.unlink(self)
E           PermissionError: [WinError 32] The process cannot access the file because it is being used by another process: 'C:\\Users\\BRAMPRAK\\AppData\\Local\\Temp\\tmpl8s08y2_.reqifz'

C:\Program Files\Python314\Lib\pathlib\__init__.py:1047: PermissionError
---------------------------- Captured stdout call -----------------------------
\u2705 Loaded prompt configuration from prompts\\config\\prompt_config.yaml\n\u2705 Loaded 1 test generation templates\n\u2139\ufe0f  \U0001f50d Processing: tmpl8s08y2_.reqifz\n\u2139\ufe0f  \U0001f916 Model: llama3.1:8b\n\u2139\ufe0f  \U0001f4c2 Extracting artifacts from REQIFZ file...\n\u274c Error extracting REQIFZ file C:\\Users\\BRAMPRAK\\AppData\\Local\\Temp\\tmpl8s08y2_.reqifz: File is not a zip file\n\u274c No artifacts found in REQIFZ file
______________ TestREQIFZFileProcessor.test_process_file_success ______________

self = <test_processors.TestREQIFZFileProcessor object at 0x000001A64EDEA350>
temp_reqifz_file = WindowsPath('C:/Users/BRAMPRAK/AppData/Local/Temp/pytest-of-BRAMPRAK/pytest-13/test_process_file_success0/test.reqifz')
tmp_path = WindowsPath('C:/Users/BRAMPRAK/AppData/Local/Temp/pytest-of-BRAMPRAK/pytest-13/test_process_file_success0')

    def test_process_file_success(self, temp_reqifz_file, tmp_path):
        """Test successful file processing end-to-end."""
        # Setup mocks using dependency injection
        mock_client = Mock()
        mock_client.generate_response.return_value = """
        {
            "test_cases": [
                {
                    "summary": "Test user input validation",
                    "action": "Enter invalid characters",
                    "data": "Special chars: @#$%",
                    "expected_result": "System shows error message",
                    "test_type": "negative"
                }
            ]
        }
        """
    
        mock_yaml = Mock()
        mock_yaml.get_test_prompt.return_value = {
            "prompt": "Generate test cases for: {requirement_text}",
            "variables": ["requirement_text"]
        }
    
        # Create processor with injected mocks
        from core.generators import TestCaseGenerator
        from core.formatters import TestCaseFormatter
        from core.extractors import REQIFArtifactExtractor
    
>       mock_extractor = Mock(spec=REQIFArtifactExtractor)
                         ^^^^^^^^^^^^^^^^^^^^^^^^^^^^^^^^^

tests\integration\test_processors.py:48: 
_ _ _ _ _ _ _ _ _ _ _ _ _ _ _ _ _ _ _ _ _ _ _ _ _ _ _ _ _ _ _ _ _ _ _ _ _ _ _ _
C:\Program Files\Python314\Lib\unittest\mock.py:1157: in __init__
    _safe_super(CallableMixin, self).__init__(
C:\Program Files\Python314\Lib\unittest\mock.py:485: in __init__
    self._mock_add_spec(spec, spec_set, _spec_as_instance, _eat_self)
C:\Program Files\Python314\Lib\unittest\mock.py:547: in _mock_add_spec
    res = _get_signature_object(spec,
C:\Program Files\Python314\Lib\unittest\mock.py:122: in _get_signature_object
    return func, inspect.signature(sig_func)
                 ^^^^^^^^^^^^^^^^^^^^^^^^^^^
C:\Program Files\Python314\Lib\inspect.py:3312: in signature
    return Signature.from_callable(obj, follow_wrapped=follow_wrapped,
C:\Program Files\Python314\Lib\inspect.py:3027: in from_callable
    return _signature_from_callable(obj, sigcls=cls,
C:\Program Files\Python314\Lib\inspect.py:2496: in _signature_from_callable
    wrapped_sig = _get_signature_of(obj.func)
                  ^^^^^^^^^^^^^^^^^^^^^^^^^^^
C:\Program Files\Python314\Lib\inspect.py:2502: in _signature_from_callable
    return _signature_from_function(sigcls, obj,
C:\Program Files\Python314\Lib\inspect.py:2325: in _signature_from_function
    annotations = get_annotations(func, globals=globals, locals=locals, eval_str=eval_str,
C:\Program Files\Python314\Lib\annotationlib.py:890: in get_annotations
    ann = _get_dunder_annotations(obj)
          ^^^^^^^^^^^^^^^^^^^^^^^^^^^^
C:\Program Files\Python314\Lib\annotationlib.py:1059: in _get_dunder_annotations
    ann = getattr(obj, "__annotations__", None)
          ^^^^^^^^^^^^^^^^^^^^^^^^^^^^^^^^^^^^^
_ _ _ _ _ _ _ _ _ _ _ _ _ _ _ _ _ _ _ _ _ _ _ _ _ _ _ _ _ _ _ _ _ _ _ _ _ _ _ _

format = 1

>   def __init__(self, logger=None, use_streaming: bool = False, config: ConfigManager = None):
                                                                         ^^^^^^^^^^^^^
E   NameError: name 'ConfigManager' is not defined

src\core\extractors.py:45: NameError
______ TestREQIFZFileProcessor.test_process_file_no_system_requirements _______

args = (<test_processors.TestREQIFZFileProcessor object at 0x000001A64EDEA490>,)
keywargs = {'tmp_path': WindowsPath('C:/Users/BRAMPRAK/AppData/Local/Temp/pytest-of-BRAMPRAK/pytest-13/test_process_file_no_system_re0')}

    @wraps(func)
    def patched(*args, **keywargs):
>       with self.decoration_helper(patched,
                                    args,
                                    keywargs) as (newargs, newkeywargs):

C:\Program Files\Python314\Lib\unittest\mock.py:1429: 
_ _ _ _ _ _ _ _ _ _ _ _ _ _ _ _ _ _ _ _ _ _ _ _ _ _ _ _ _ _ _ _ _ _ _ _ _ _ _ _
C:\Program Files\Python314\Lib\contextlib.py:141: in __enter__
    return next(self.gen)
           ^^^^^^^^^^^^^^
C:\Program Files\Python314\Lib\unittest\mock.py:1411: in decoration_helper
    arg = exit_stack.enter_context(patching)
          ^^^^^^^^^^^^^^^^^^^^^^^^^^^^^^^^^^
C:\Program Files\Python314\Lib\contextlib.py:530: in enter_context
    result = _enter(cm)
             ^^^^^^^^^^
C:\Program Files\Python314\Lib\unittest\mock.py:1503: in __enter__
    original, local = self.get_original()
                      ^^^^^^^^^^^^^^^^^^^
_ _ _ _ _ _ _ _ _ _ _ _ _ _ _ _ _ _ _ _ _ _ _ _ _ _ _ _ _ _ _ _ _ _ _ _ _ _ _ _

self = <unittest.mock._patch object at 0x000001A64EDEA0D0>

    def get_original(self):
        target = self.getter()
        name = self.attribute
    
        original = DEFAULT
        local = False
    
        try:
            original = target.__dict__[name]
        except (AttributeError, KeyError):
            original = getattr(target, name, DEFAULT)
        else:
            local = True
    
        if name in _builtins and isinstance(target, ModuleType):
            self.create = True
    
        if not self.create and original is DEFAULT:
>           raise AttributeError(
                "%s does not have the attribute %r" % (target, name)
            )
E           AttributeError: <module 'processors.standard_processor' from 'C:\\GitHub\\AI_TC_Generator_v04_w_Trainer\\src\\processors\\standard_processor.py'> does not have the attribute 'YAMLPromptManager'

C:\Program Files\Python314\Lib\unittest\mock.py:1473: AttributeError
_______________ TestREQIFZFileProcessor.test_process_directory ________________

args = (<test_processors.TestREQIFZFileProcessor object at 0x000001A64EDC6520>,)
keywargs = {'tmp_path': WindowsPath('C:/Users/BRAMPRAK/AppData/Local/Temp/pytest-of-BRAMPRAK/pytest-13/test_process_directory0')}

    @wraps(func)
    def patched(*args, **keywargs):
>       with self.decoration_helper(patched,
                                    args,
                                    keywargs) as (newargs, newkeywargs):

C:\Program Files\Python314\Lib\unittest\mock.py:1429: 
_ _ _ _ _ _ _ _ _ _ _ _ _ _ _ _ _ _ _ _ _ _ _ _ _ _ _ _ _ _ _ _ _ _ _ _ _ _ _ _
C:\Program Files\Python314\Lib\contextlib.py:141: in __enter__
    return next(self.gen)
           ^^^^^^^^^^^^^^
C:\Program Files\Python314\Lib\unittest\mock.py:1411: in decoration_helper
    arg = exit_stack.enter_context(patching)
          ^^^^^^^^^^^^^^^^^^^^^^^^^^^^^^^^^^
C:\Program Files\Python314\Lib\contextlib.py:530: in enter_context
    result = _enter(cm)
             ^^^^^^^^^^
C:\Program Files\Python314\Lib\unittest\mock.py:1503: in __enter__
    original, local = self.get_original()
                      ^^^^^^^^^^^^^^^^^^^
_ _ _ _ _ _ _ _ _ _ _ _ _ _ _ _ _ _ _ _ _ _ _ _ _ _ _ _ _ _ _ _ _ _ _ _ _ _ _ _

self = <unittest.mock._patch object at 0x000001A64EDC6780>

    def get_original(self):
        target = self.getter()
        name = self.attribute
    
        original = DEFAULT
        local = False
    
        try:
            original = target.__dict__[name]
        except (AttributeError, KeyError):
            original = getattr(target, name, DEFAULT)
        else:
            local = True
    
        if name in _builtins and isinstance(target, ModuleType):
            self.create = True
    
        if not self.create and original is DEFAULT:
>           raise AttributeError(
                "%s does not have the attribute %r" % (target, name)
            )
E           AttributeError: <module 'processors.standard_processor' from 'C:\\GitHub\\AI_TC_Generator_v04_w_Trainer\\src\\processors\\standard_processor.py'> does not have the attribute 'YAMLPromptManager'

C:\Program Files\Python314\Lib\unittest\mock.py:1473: AttributeError
______________ TestREQIFZFileProcessor.test_validate_environment ______________

self = <test_processors.TestREQIFZFileProcessor object at 0x000001A64EDC69E0>

    def test_validate_environment(self):
        """Test environment validation."""
>       with patch('processors.standard_processor.YAMLPromptManager') as mock_yaml:
             ^^^^^^^^^^^^^^^^^^^^^^^^^^^^^^^^^^^^^^^^^^^^^^^^^^^^^^^^

tests\integration\test_processors.py:191: 
_ _ _ _ _ _ _ _ _ _ _ _ _ _ _ _ _ _ _ _ _ _ _ _ _ _ _ _ _ _ _ _ _ _ _ _ _ _ _ _
C:\Program Files\Python314\Lib\unittest\mock.py:1503: in __enter__
    original, local = self.get_original()
                      ^^^^^^^^^^^^^^^^^^^
_ _ _ _ _ _ _ _ _ _ _ _ _ _ _ _ _ _ _ _ _ _ _ _ _ _ _ _ _ _ _ _ _ _ _ _ _ _ _ _

self = <unittest.mock._patch object at 0x000001A651741470>

    def get_original(self):
        target = self.getter()
        name = self.attribute
    
        original = DEFAULT
        local = False
    
        try:
            original = target.__dict__[name]
        except (AttributeError, KeyError):
            original = getattr(target, name, DEFAULT)
        else:
            local = True
    
        if name in _builtins and isinstance(target, ModuleType):
            self.create = True
    
        if not self.create and original is DEFAULT:
>           raise AttributeError(
                "%s does not have the attribute %r" % (target, name)
            )
E           AttributeError: <module 'processors.standard_processor' from 'C:\\GitHub\\AI_TC_Generator_v04_w_Trainer\\src\\processors\\standard_processor.py'> does not have the attribute 'YAMLPromptManager'

C:\Program Files\Python314\Lib\unittest\mock.py:1473: AttributeError
_______ TestREQIFZFileProcessor.test_validate_environment_no_templates ________

self = <test_processors.TestREQIFZFileProcessor object at 0x000001A64EE09C70>

    def test_validate_environment_no_templates(self):
        """Test environment validation with no templates."""
>       with patch('processors.standard_processor.YAMLPromptManager') as mock_yaml:
             ^^^^^^^^^^^^^^^^^^^^^^^^^^^^^^^^^^^^^^^^^^^^^^^^^^^^^^^^

tests\integration\test_processors.py:203: 
_ _ _ _ _ _ _ _ _ _ _ _ _ _ _ _ _ _ _ _ _ _ _ _ _ _ _ _ _ _ _ _ _ _ _ _ _ _ _ _
C:\Program Files\Python314\Lib\unittest\mock.py:1503: in __enter__
    original, local = self.get_original()
                      ^^^^^^^^^^^^^^^^^^^
_ _ _ _ _ _ _ _ _ _ _ _ _ _ _ _ _ _ _ _ _ _ _ _ _ _ _ _ _ _ _ _ _ _ _ _ _ _ _ _

self = <unittest.mock._patch object at 0x000001A651741C50>

    def get_original(self):
        target = self.getter()
        name = self.attribute
    
        original = DEFAULT
        local = False
    
        try:
            original = target.__dict__[name]
        except (AttributeError, KeyError):
            original = getattr(target, name, DEFAULT)
        else:
            local = True
    
        if name in _builtins and isinstance(target, ModuleType):
            self.create = True
    
        if not self.create and original is DEFAULT:
>           raise AttributeError(
                "%s does not have the attribute %r" % (target, name)
            )
E           AttributeError: <module 'processors.standard_processor' from 'C:\\GitHub\\AI_TC_Generator_v04_w_Trainer\\src\\processors\\standard_processor.py'> does not have the attribute 'YAMLPromptManager'

C:\Program Files\Python314\Lib\unittest\mock.py:1473: AttributeError
___ TestHighPerformanceREQIFZFileProcessor.test_process_file_with_failures ____

args = ()
kwargs = {'temp_reqifz_file': WindowsPath('C:/Users/BRAMPRAK/AppData/Local/Temp/pytest-of-BRAMPRAK/pytest-13/test_process_file_...ath': WindowsPath('C:/Users/BRAMPRAK/AppData/Local/Temp/pytest-of-BRAMPRAK/pytest-13/test_process_file_with_failure0')}
coro = <coroutine object TestHighPerformanceREQIFZFileProcessor.test_process_file_with_failures at 0x000001A6503F1C60>
task = <Task finished name='Task-19' coro=<TestHighPerformanceREQIFZFileProcessor.test_process_file_with_failures() done, def...TC_Generator_v04_w_Trainer\\\\src\\\\processors\\\\hp_processor.py'> does not have the attribute 'YAMLPromptManager'")>

    @functools.wraps(func)
    def inner(*args, **kwargs):
        coro = func(*args, **kwargs)
        if not inspect.isawaitable(coro):
            pyfuncitem.warn(
                pytest.PytestWarning(
                    f"The test {pyfuncitem} is marked with '@pytest.mark.asyncio' "
                    "but it is not an async function. "
                    "Please remove asyncio marker. "
                    "If the test is not marked explicitly, "
                    "check for global markers applied via 'pytestmark'."
                )
            )
            return
        task = asyncio.ensure_future(coro, loop=_loop)
        try:
>           _loop.run_until_complete(task)

C:\Users\BRAMPRAK\AppData\Roaming\Python\Python314\site-packages\pytest_asyncio\plugin.py:529: 
_ _ _ _ _ _ _ _ _ _ _ _ _ _ _ _ _ _ _ _ _ _ _ _ _ _ _ _ _ _ _ _ _ _ _ _ _ _ _ _
C:\Program Files\Python314\Lib\asyncio\base_events.py:719: in run_until_complete
    return future.result()
           ^^^^^^^^^^^^^^^
C:\Program Files\Python314\Lib\unittest\mock.py:1446: in patched
    with self.decoration_helper(patched,
C:\Program Files\Python314\Lib\contextlib.py:141: in __enter__
    return next(self.gen)
           ^^^^^^^^^^^^^^
C:\Program Files\Python314\Lib\unittest\mock.py:1411: in decoration_helper
    arg = exit_stack.enter_context(patching)
          ^^^^^^^^^^^^^^^^^^^^^^^^^^^^^^^^^^
C:\Program Files\Python314\Lib\contextlib.py:530: in enter_context
    result = _enter(cm)
             ^^^^^^^^^^
C:\Program Files\Python314\Lib\unittest\mock.py:1503: in __enter__
    original, local = self.get_original()
                      ^^^^^^^^^^^^^^^^^^^
_ _ _ _ _ _ _ _ _ _ _ _ _ _ _ _ _ _ _ _ _ _ _ _ _ _ _ _ _ _ _ _ _ _ _ _ _ _ _ _

self = <unittest.mock._patch object at 0x000001A64EE09A30>

    def get_original(self):
        target = self.getter()
        name = self.attribute
    
        original = DEFAULT
        local = False
    
        try:
            original = target.__dict__[name]
        except (AttributeError, KeyError):
            original = getattr(target, name, DEFAULT)
        else:
            local = True
    
        if name in _builtins and isinstance(target, ModuleType):
            self.create = True
    
        if not self.create and original is DEFAULT:
>           raise AttributeError(
                "%s does not have the attribute %r" % (target, name)
            )
E           AttributeError: <module 'processors.hp_processor' from 'C:\\GitHub\\AI_TC_Generator_v04_w_Trainer\\src\\processors\\hp_processor.py'> does not have the attribute 'YAMLPromptManager'

C:\Program Files\Python314\Lib\unittest\mock.py:1473: AttributeError
__ TestHighPerformanceREQIFZFileProcessor.test_calculate_performance_metrics __

self = <test_processors.TestHighPerformanceREQIFZFileProcessor object at 0x000001A64EDC6C40>

    def test_calculate_performance_metrics(self):
        """Test performance metrics calculation."""
        config = ConfigManager()
        processor = HighPerformanceREQIFZFileProcessor(config)
    
        # Set up test metrics
        processor.metrics = {
            "total_artifacts": 100,
            "total_requirements": 50,
            "total_test_cases": 150,
            "successful_requirements": 45,
            "ai_calls_made": 50,
            "cpu_usage_samples": [50.0, 60.0, 70.0],
            "memory_usage_samples": [40.0, 45.0, 50.0]
        }
    
>       metrics = processor._calculate_performance_metrics(10.0)  # 10 second processing time
                  ^^^^^^^^^^^^^^^^^^^^^^^^^^^^^^^^^^^^^^^^
E       AttributeError: 'HighPerformanceREQIFZFileProcessor' object has no attribute '_calculate_performance_metrics'

tests\integration\test_processors.py:293: AttributeError
---------------------------- Captured stdout call -----------------------------
\u2705 Loaded prompt configuration from prompts\\config\\prompt_config.yaml\n\u2705 Loaded 1 test generation templates
__________ TestAPICompatibility.test_ollama_client_model_validation ___________

self = <test_real_integration.TestAPICompatibility object at 0x000001A64EDEAAD0>

    def test_ollama_client_model_validation(self):
        """Test that OllamaClient handles model validation gracefully."""
        # This doesn't require a running Ollama instance - just tests client logic
        config = ConfigManager()
>       client = OllamaClient(base_url="http://localhost:11434", timeout=1)
                 ^^^^^^^^^^^^^^^^^^^^^^^^^^^^^^^^^^^^^^^^^^^^^^^^^^^^^^^^^^
E       TypeError: OllamaClient.__init__() got an unexpected keyword argument 'base_url'

tests\integration\test_real_integration.py:22: TypeError
____ TestConfigurationValidation.test_config_manager_environment_variables ____

self = <test_real_integration.TestConfigurationValidation object at 0x000001A64EDEAD50>

    def test_config_manager_environment_variables(self):
        """Test that ConfigManager can read environment variables."""
        import os
        from src.config import ConfigManager
    
        # Set test environment variables
        test_vars = {
            "OLLAMA_BASE_URL": "http://test:8080",
            "OLLAMA_TIMEOUT": "30",
            "ENABLE_RAFT": "true"
        }
    
        with patch.dict(os.environ, test_vars):
            config = ConfigManager()
    
            # Verify environment variables are respected
>           assert config.ollama_base_url == "http://test:8080"
                   ^^^^^^^^^^^^^^^^^^^^^^

tests\integration\test_real_integration.py:116: 
_ _ _ _ _ _ _ _ _ _ _ _ _ _ _ _ _ _ _ _ _ _ _ _ _ _ _ _ _ _ _ _ _ _ _ _ _ _ _ _

self = ConfigManager(ollama=OllamaConfig(host='127.0.0.1', port=11434, timeout=600, api_key=None, auth_token=None, temperatur..., output_directory=None, verbose=False, debug=False, performance=False, presets={}, environments={}, model_configs={}))
item = 'ollama_base_url'

    def __getattr__(self, item: str) -> Any:
        private_attributes = object.__getattribute__(self, '__private_attributes__')
        if item in private_attributes:
            attribute = private_attributes[item]
            if hasattr(attribute, '__get__'):
                return attribute.__get__(self, type(self))  # type: ignore
    
            try:
                # Note: self.__pydantic_private__ cannot be None if self.__private_attributes__ has items
                return self.__pydantic_private__[item]  # type: ignore
            except KeyError as exc:
                raise AttributeError(f'{type(self).__name__!r} object has no attribute {item!r}') from exc
        else:
            # `__pydantic_extra__` can fail to be set if the model is not yet fully initialized.
            # See `BaseModel.__repr_args__` for more details
            try:
                pydantic_extra = object.__getattribute__(self, '__pydantic_extra__')
            except AttributeError:
                pydantic_extra = None
    
            if pydantic_extra and item in pydantic_extra:
                return pydantic_extra[item]
            else:
                if hasattr(self.__class__, item):
                    return super().__getattribute__(item)  # Raises AttributeError if appropriate
                else:
                    # this is the current error
>                   raise AttributeError(f'{type(self).__name__!r} object has no attribute {item!r}')
E                   AttributeError: 'ConfigManager' object has no attribute 'ollama_base_url'

C:\Users\BRAMPRAK\AppData\Roaming\Python\Python314\site-packages\pydantic\main.py:1026: AttributeError
__________ TestConfigurationValidation.test_pydantic_validation_real __________

self = <test_real_integration.TestConfigurationValidation object at 0x000001A64EDEAE90>

    def test_pydantic_validation_real(self):
        """Test actual Pydantic validation in config."""
        from src.config import OllamaConfig
    
        # Test valid config
        ollama_config = OllamaConfig(
            base_url="http://localhost:11434",
            timeout_seconds=30.0,
            model="llama3.1:8b"
        )
    
>       assert ollama_config.base_url == "http://localhost:11434"
               ^^^^^^^^^^^^^^^^^^^^^^

tests\integration\test_real_integration.py:130: 
_ _ _ _ _ _ _ _ _ _ _ _ _ _ _ _ _ _ _ _ _ _ _ _ _ _ _ _ _ _ _ _ _ _ _ _ _ _ _ _

self = OllamaConfig(host='127.0.0.1', port=11434, timeout=600, api_key=None, auth_token=None, temperature=0.0, max_retries=3,...ser_model='deepseek-coder-v2:16b', vision_model='llama3.2-vision:11b', enable_vision=True, vision_context_window=32768)
item = 'base_url'

    def __getattr__(self, item: str) -> Any:
        private_attributes = object.__getattribute__(self, '__private_attributes__')
        if item in private_attributes:
            attribute = private_attributes[item]
            if hasattr(attribute, '__get__'):
                return attribute.__get__(self, type(self))  # type: ignore
    
            try:
                # Note: self.__pydantic_private__ cannot be None if self.__private_attributes__ has items
                return self.__pydantic_private__[item]  # type: ignore
            except KeyError as exc:
                raise AttributeError(f'{type(self).__name__!r} object has no attribute {item!r}') from exc
        else:
            # `__pydantic_extra__` can fail to be set if the model is not yet fully initialized.
            # See `BaseModel.__repr_args__` for more details
            try:
                pydantic_extra = object.__getattribute__(self, '__pydantic_extra__')
            except AttributeError:
                pydantic_extra = None
    
            if pydantic_extra and item in pydantic_extra:
                return pydantic_extra[item]
            else:
                if hasattr(self.__class__, item):
                    return super().__getattribute__(item)  # Raises AttributeError if appropriate
                else:
                    # this is the current error
>                   raise AttributeError(f'{type(self).__name__!r} object has no attribute {item!r}')
E                   AttributeError: 'OllamaConfig' object has no attribute 'base_url'. Did you mean: 'api_url'?

C:\Users\BRAMPRAK\AppData\Roaming\Python\Python314\site-packages\pydantic\main.py:1026: AttributeError
______ TestPerformanceRegressionBenchmarks.test_processor_consistency[3] ______

self = <test_regression_benchmarks.TestPerformanceRegressionBenchmarks object at 0x000001A64EDC6EA0>
temp_reqifz_file = WindowsPath('C:/Users/BRAMPRAK/AppData/Local/Temp/pytest-of-BRAMPRAK/pytest-13/test_processor_consistency_3_0/test.reqifz')
tmp_path = WindowsPath('C:/Users/BRAMPRAK/AppData/Local/Temp/pytest-of-BRAMPRAK/pytest-13/test_processor_consistency_3_0')
num_runs = 3

    @pytest.mark.parametrize("num_runs", [3])
    def test_processor_consistency(self, temp_reqifz_file, tmp_path, num_runs):
        """Test that processor results are consistent across multiple runs."""
        from statistics import stdev, mean
    
        config = ConfigManager()
        processing_times = []
    
        for _ in range(num_runs):
            processor = REQIFZFileProcessor(config)
            # Mock components for consistency
>           processor._extract_artifacts = Mock(return_value=[{
            ^^^^^^^^^^^^^^^^^^^^^^^^^^^^
                "type": "System Requirement",
                "id": "REQ_001",
                "table": True
            }])
E           AttributeError: 'REQIFZFileProcessor' object attribute '_extract_artifacts' is read-only

tests\performance\test_regression_benchmarks.py:188: AttributeError
---------------------------- Captured stdout call -----------------------------
\u2705 Loaded prompt configuration from prompts\\config\\prompt_config.yaml\n\u2705 Loaded 1 test generation templates
____ TestPerformanceRegressionBenchmarks.test_memory_efficiency_regression ____

self = <test_regression_benchmarks.TestPerformanceRegressionBenchmarks object at 0x000001A64EDC75C0>
temp_reqifz_file = WindowsPath('C:/Users/BRAMPRAK/AppData/Local/Temp/pytest-of-BRAMPRAK/pytest-13/test_memory_efficiency_regress0/test.reqifz')
tmp_path = WindowsPath('C:/Users/BRAMPRAK/AppData/Local/Temp/pytest-of-BRAMPRAK/pytest-13/test_memory_efficiency_regress0')

    def test_memory_efficiency_regression(self, temp_reqifz_file, tmp_path):
        """Test that memory usage doesn't regress significantly."""
        import psutil
        import os
    
        config = ConfigManager()
        processor = REQIFZFileProcessor(config)
    
        # Mock components
>       processor._extract_artifacts = Mock(return_value=[{
        ^^^^^^^^^^^^^^^^^^^^^^^^^^^^
            "type": "System Requirement", "id": "REQ_001", "table": True
        }])
E       AttributeError: 'REQIFZFileProcessor' object attribute '_extract_artifacts' is read-only

tests\performance\test_regression_benchmarks.py:226: AttributeError
---------------------------- Captured stdout call -----------------------------
\u2705 Loaded prompt configuration from prompts\\config\\prompt_config.yaml\n\u2705 Loaded 1 test generation templates
____ TestNoDoubleSemaphore.test_async_generator_has_no_semaphore_attribute ____

self = <tests.test_critical_improvements.TestNoDoubleSemaphore object at 0x000001A64F010050>

    def test_async_generator_has_no_semaphore_attribute(self):
        """AsyncTestCaseGenerator should not have a semaphore attribute"""
        config = ConfigManager()
>       mock_client = AsyncMock(spec=AsyncOllamaClient)
                      ^^^^^^^^^^^^^^^^^^^^^^^^^^^^^^^^^

tests\test_critical_improvements.py:229: 
_ _ _ _ _ _ _ _ _ _ _ _ _ _ _ _ _ _ _ _ _ _ _ _ _ _ _ _ _ _ _ _ _ _ _ _ _ _ _ _
C:\Program Files\Python314\Lib\unittest\mock.py:2282: in __init__
    super().__init__(*args, **kwargs)
C:\Program Files\Python314\Lib\unittest\mock.py:2176: in __init__
    _safe_super(MagicMixin, self).__init__(*args, **kw)
C:\Program Files\Python314\Lib\unittest\mock.py:1157: in __init__
    _safe_super(CallableMixin, self).__init__(
C:\Program Files\Python314\Lib\unittest\mock.py:485: in __init__
    self._mock_add_spec(spec, spec_set, _spec_as_instance, _eat_self)
C:\Program Files\Python314\Lib\unittest\mock.py:547: in _mock_add_spec
    res = _get_signature_object(spec,
C:\Program Files\Python314\Lib\unittest\mock.py:122: in _get_signature_object
    return func, inspect.signature(sig_func)
                 ^^^^^^^^^^^^^^^^^^^^^^^^^^^
C:\Program Files\Python314\Lib\inspect.py:3312: in signature
    return Signature.from_callable(obj, follow_wrapped=follow_wrapped,
C:\Program Files\Python314\Lib\inspect.py:3027: in from_callable
    return _signature_from_callable(obj, sigcls=cls,
C:\Program Files\Python314\Lib\inspect.py:2496: in _signature_from_callable
    wrapped_sig = _get_signature_of(obj.func)
                  ^^^^^^^^^^^^^^^^^^^^^^^^^^^
C:\Program Files\Python314\Lib\inspect.py:2502: in _signature_from_callable
    return _signature_from_function(sigcls, obj,
C:\Program Files\Python314\Lib\inspect.py:2325: in _signature_from_function
    annotations = get_annotations(func, globals=globals, locals=locals, eval_str=eval_str,
C:\Program Files\Python314\Lib\annotationlib.py:890: in get_annotations
    ann = _get_dunder_annotations(obj)
          ^^^^^^^^^^^^^^^^^^^^^^^^^^^^
C:\Program Files\Python314\Lib\annotationlib.py:1059: in _get_dunder_annotations
    ann = getattr(obj, "__annotations__", None)
          ^^^^^^^^^^^^^^^^^^^^^^^^^^^^^^^^^^^^^
_ _ _ _ _ _ _ _ _ _ _ _ _ _ _ _ _ _ _ _ _ _ _ _ _ _ _ _ _ _ _ _ _ _ _ _ _ _ _ _

format = 1

>   def __init__(self, config: OllamaConfig = None):
                               ^^^^^^^^^^^^
E   NameError: name 'OllamaConfig' is not defined

src\core\ollama_client.py:447: NameError
____ TestNoDoubleSemaphore.test_async_generator_only_uses_client_semaphore ____

self = <tests.test_critical_improvements.TestNoDoubleSemaphore object at 0x000001A64F010190>

    def test_async_generator_only_uses_client_semaphore(self):
        """AsyncTestCaseGenerator should rely only on client's semaphore"""
        config = ConfigManager()
>       mock_client = AsyncMock(spec=AsyncOllamaClient)
                      ^^^^^^^^^^^^^^^^^^^^^^^^^^^^^^^^^

tests\test_critical_improvements.py:245: 
_ _ _ _ _ _ _ _ _ _ _ _ _ _ _ _ _ _ _ _ _ _ _ _ _ _ _ _ _ _ _ _ _ _ _ _ _ _ _ _
C:\Program Files\Python314\Lib\unittest\mock.py:2282: in __init__
    super().__init__(*args, **kwargs)
C:\Program Files\Python314\Lib\unittest\mock.py:2176: in __init__
    _safe_super(MagicMixin, self).__init__(*args, **kw)
C:\Program Files\Python314\Lib\unittest\mock.py:1157: in __init__
    _safe_super(CallableMixin, self).__init__(
C:\Program Files\Python314\Lib\unittest\mock.py:485: in __init__
    self._mock_add_spec(spec, spec_set, _spec_as_instance, _eat_self)
C:\Program Files\Python314\Lib\unittest\mock.py:547: in _mock_add_spec
    res = _get_signature_object(spec,
C:\Program Files\Python314\Lib\unittest\mock.py:122: in _get_signature_object
    return func, inspect.signature(sig_func)
                 ^^^^^^^^^^^^^^^^^^^^^^^^^^^
C:\Program Files\Python314\Lib\inspect.py:3312: in signature
    return Signature.from_callable(obj, follow_wrapped=follow_wrapped,
C:\Program Files\Python314\Lib\inspect.py:3027: in from_callable
    return _signature_from_callable(obj, sigcls=cls,
C:\Program Files\Python314\Lib\inspect.py:2496: in _signature_from_callable
    wrapped_sig = _get_signature_of(obj.func)
                  ^^^^^^^^^^^^^^^^^^^^^^^^^^^
C:\Program Files\Python314\Lib\inspect.py:2502: in _signature_from_callable
    return _signature_from_function(sigcls, obj,
C:\Program Files\Python314\Lib\inspect.py:2325: in _signature_from_function
    annotations = get_annotations(func, globals=globals, locals=locals, eval_str=eval_str,
C:\Program Files\Python314\Lib\annotationlib.py:890: in get_annotations
    ann = _get_dunder_annotations(obj)
          ^^^^^^^^^^^^^^^^^^^^^^^^^^^^
C:\Program Files\Python314\Lib\annotationlib.py:1059: in _get_dunder_annotations
    ann = getattr(obj, "__annotations__", None)
          ^^^^^^^^^^^^^^^^^^^^^^^^^^^^^^^^^^^^^
_ _ _ _ _ _ _ _ _ _ _ _ _ _ _ _ _ _ _ _ _ _ _ _ _ _ _ _ _ _ _ _ _ _ _ _ _ _ _ _

format = 1

>   def __init__(self, config: OllamaConfig = None):
                               ^^^^^^^^^^^^
E   NameError: name 'OllamaConfig' is not defined

src\core\ollama_client.py:447: NameError
_ TestConcurrentBatchProcessing.test_hp_processor_processes_all_requirements_concurrently _

self = <unittest.mock._patch object at 0x000001A651D560B0>

    def __enter__(self):
        """Perform the patch."""
        if self.is_started:
            raise RuntimeError("Patch is already started")
    
        new, spec, spec_set = self.new, self.spec, self.spec_set
        autospec, kwargs = self.autospec, self.kwargs
        new_callable = self.new_callable
        self.target = self.getter()
    
        # normalise False to None
        if spec is False:
            spec = None
        if spec_set is False:
            spec_set = None
        if autospec is False:
            autospec = None
    
        if spec is not None and autospec is not None:
            raise TypeError("Can't specify spec and autospec")
        if ((spec is not None or autospec is not None) and
            spec_set not in (True, None)):
            raise TypeError("Can't provide explicit spec_set *and* spec or autospec")
    
        original, local = self.get_original()
    
        if new is DEFAULT and autospec is None:
            inherit = False
            if spec is True:
                # set spec to the object we are replacing
                spec = original
                if spec_set is True:
                    spec_set = original
                    spec = None
            elif spec is not None:
                if spec_set is True:
                    spec_set = spec
                    spec = None
            elif spec_set is True:
                spec_set = original
    
            if spec is not None or spec_set is not None:
                if original is DEFAULT:
                    raise TypeError("Can't use 'spec' with create=True")
                if isinstance(original, type):
                    # If we're patching out a class and there is a spec
                    inherit = True
    
            # Determine the Klass to use
            if new_callable is not None:
                Klass = new_callable
            elif spec is None and _is_async_obj(original):
                Klass = AsyncMock
            elif spec is not None or spec_set is not None:
                this_spec = spec
                if spec_set is not None:
                    this_spec = spec_set
                if _is_list(this_spec):
                    not_callable = '__call__' not in this_spec
                else:
                    not_callable = not callable(this_spec)
                if _is_async_obj(this_spec):
                    Klass = AsyncMock
                elif not_callable:
                    Klass = NonCallableMagicMock
                else:
                    Klass = MagicMock
            else:
                Klass = MagicMock
    
            _kwargs = {}
            if spec is not None:
                _kwargs['spec'] = spec
            if spec_set is not None:
                _kwargs['spec_set'] = spec_set
    
            # add a name to mocks
            if (isinstance(Klass, type) and
                issubclass(Klass, NonCallableMock) and self.attribute):
                _kwargs['name'] = self.attribute
    
            _kwargs.update(kwargs)
            new = Klass(**_kwargs)
    
            if inherit and _is_instance_mock(new):
                # we can only tell if the instance should be callable if the
                # spec is not a list
                this_spec = spec
                if spec_set is not None:
                    this_spec = spec_set
                if (not _is_list(this_spec) and not
                    _instance_callable(this_spec)):
                    Klass = NonCallableMagicMock
    
                _kwargs.pop('name')
                new.return_value = Klass(_new_parent=new, _new_name='()',
                                         **_kwargs)
        elif autospec is not None:
            # spec is ignored, new *must* be default, spec_set is treated
            # as a boolean. Should we check spec is not None and that spec_set
            # is a bool?
            if new is not DEFAULT:
                raise TypeError(
                    "autospec creates the mock for you. Can't specify "
                    "autospec and new."
                )
            if original is DEFAULT:
                raise TypeError("Can't use 'autospec' with create=True")
            spec_set = bool(spec_set)
            if autospec is True:
                autospec = original
    
            if _is_instance_mock(self.target):
                raise InvalidSpecError(
                    f'Cannot autospec attr {self.attribute!r} as the patch '
                    f'target has already been mocked out. '
                    f'[target={self.target!r}, attr={autospec!r}]')
            if _is_instance_mock(autospec):
                target_name = getattr(self.target, '__name__', self.target)
                raise InvalidSpecError(
                    f'Cannot autospec attr {self.attribute!r} from target '
                    f'{target_name!r} as it has already been mocked out. '
                    f'[target={self.target!r}, attr={autospec!r}]')
    
            new = create_autospec(autospec, spec_set=spec_set,
                                  _name=self.attribute, **kwargs)
        elif kwargs:
            # can't set keyword args when we aren't creating the mock
            # XXXX If new is a Mock we could call new.configure_mock(**kwargs)
            raise TypeError("Can't pass kwargs to a mock we aren't creating")
    
        new_attr = new
    
        self.temp_original = original
        self.is_local = local
        self._exit_stack = contextlib.ExitStack()
        self.is_started = True
        try:
>           setattr(self.target, self.attribute, new_attr)
E           AttributeError: 'HighPerformanceREQIFZFileProcessor' object attribute '_initialize_logger' is read-only

C:\Program Files\Python314\Lib\unittest\mock.py:1617: AttributeError

During handling of the above exception, another exception occurred:

self = <tests.test_critical_improvements.TestConcurrentBatchProcessing object at 0x000001A64F0102D0>

    @pytest.mark.asyncio
    async def test_hp_processor_processes_all_requirements_concurrently(self):
        """HP processor should process all requirements at once, not in sequential batches"""
        # Create test requirements
        test_requirements = [
            {"id": f"REQ_{i:03d}", "text": f"Requirement {i}", "type": "System Requirement", "table": {"data": []}}
            for i in range(10)
        ]
    
        config = ConfigManager()
        processor = HighPerformanceREQIFZFileProcessor(config, max_concurrent_requirements=4)
    
        # Mock logger
        mock_logger = Mock()
        mock_logger.info = Mock()
        mock_logger.error = Mock()
        mock_logger.close = Mock()
        mock_logger.add_requirement_failure = Mock()
    
>       with patch.object(processor, '_initialize_logger'):
             ^^^^^^^^^^^^^^^^^^^^^^^^^^^^^^^^^^^^^^^^^^^^^

tests\test_critical_improvements.py:287: 
_ _ _ _ _ _ _ _ _ _ _ _ _ _ _ _ _ _ _ _ _ _ _ _ _ _ _ _ _ _ _ _ _ _ _ _ _ _ _ _
C:\Program Files\Python314\Lib\unittest\mock.py:1630: in __enter__
    if not self.__exit__(*sys.exc_info()):
           ^^^^^^^^^^^^^^^^^^^^^^^^^^^^^^
_ _ _ _ _ _ _ _ _ _ _ _ _ _ _ _ _ _ _ _ _ _ _ _ _ _ _ _ _ _ _ _ _ _ _ _ _ _ _ _

self = <unittest.mock._patch object at 0x000001A651D560B0>
exc_info = (<class 'AttributeError'>, AttributeError("'HighPerformanceREQIFZFileProcessor' object attribute '_initialize_logger' is read-only"), <traceback object at 0x000001A6502A54C0>)

    def __exit__(self, *exc_info):
        """Undo the patch."""
        if not self.is_started:
            return
    
        if self.is_local and self.temp_original is not DEFAULT:
            setattr(self.target, self.attribute, self.temp_original)
        else:
>           delattr(self.target, self.attribute)
E           AttributeError: 'HighPerformanceREQIFZFileProcessor' object attribute '_initialize_logger' is read-only

C:\Program Files\Python314\Lib\unittest\mock.py:1641: AttributeError
---------------------------- Captured stdout call -----------------------------
\u2705 Loaded prompt configuration from prompts\\config\\prompt_config.yaml\n\u2705 Loaded 1 test generation templates
_ TestProcessorExceptionHandling.test_standard_processor_handles_connection_error _

self = <unittest.mock._patch object at 0x000001A61B09D0F0>

    def __enter__(self):
        """Perform the patch."""
        if self.is_started:
            raise RuntimeError("Patch is already started")
    
        new, spec, spec_set = self.new, self.spec, self.spec_set
        autospec, kwargs = self.autospec, self.kwargs
        new_callable = self.new_callable
        self.target = self.getter()
    
        # normalise False to None
        if spec is False:
            spec = None
        if spec_set is False:
            spec_set = None
        if autospec is False:
            autospec = None
    
        if spec is not None and autospec is not None:
            raise TypeError("Can't specify spec and autospec")
        if ((spec is not None or autospec is not None) and
            spec_set not in (True, None)):
            raise TypeError("Can't provide explicit spec_set *and* spec or autospec")
    
        original, local = self.get_original()
    
        if new is DEFAULT and autospec is None:
            inherit = False
            if spec is True:
                # set spec to the object we are replacing
                spec = original
                if spec_set is True:
                    spec_set = original
                    spec = None
            elif spec is not None:
                if spec_set is True:
                    spec_set = spec
                    spec = None
            elif spec_set is True:
                spec_set = original
    
            if spec is not None or spec_set is not None:
                if original is DEFAULT:
                    raise TypeError("Can't use 'spec' with create=True")
                if isinstance(original, type):
                    # If we're patching out a class and there is a spec
                    inherit = True
    
            # Determine the Klass to use
            if new_callable is not None:
                Klass = new_callable
            elif spec is None and _is_async_obj(original):
                Klass = AsyncMock
            elif spec is not None or spec_set is not None:
                this_spec = spec
                if spec_set is not None:
                    this_spec = spec_set
                if _is_list(this_spec):
                    not_callable = '__call__' not in this_spec
                else:
                    not_callable = not callable(this_spec)
                if _is_async_obj(this_spec):
                    Klass = AsyncMock
                elif not_callable:
                    Klass = NonCallableMagicMock
                else:
                    Klass = MagicMock
            else:
                Klass = MagicMock
    
            _kwargs = {}
            if spec is not None:
                _kwargs['spec'] = spec
            if spec_set is not None:
                _kwargs['spec_set'] = spec_set
    
            # add a name to mocks
            if (isinstance(Klass, type) and
                issubclass(Klass, NonCallableMock) and self.attribute):
                _kwargs['name'] = self.attribute
    
            _kwargs.update(kwargs)
            new = Klass(**_kwargs)
    
            if inherit and _is_instance_mock(new):
                # we can only tell if the instance should be callable if the
                # spec is not a list
                this_spec = spec
                if spec_set is not None:
                    this_spec = spec_set
                if (not _is_list(this_spec) and not
                    _instance_callable(this_spec)):
                    Klass = NonCallableMagicMock
    
                _kwargs.pop('name')
                new.return_value = Klass(_new_parent=new, _new_name='()',
                                         **_kwargs)
        elif autospec is not None:
            # spec is ignored, new *must* be default, spec_set is treated
            # as a boolean. Should we check spec is not None and that spec_set
            # is a bool?
            if new is not DEFAULT:
                raise TypeError(
                    "autospec creates the mock for you. Can't specify "
                    "autospec and new."
                )
            if original is DEFAULT:
                raise TypeError("Can't use 'autospec' with create=True")
            spec_set = bool(spec_set)
            if autospec is True:
                autospec = original
    
            if _is_instance_mock(self.target):
                raise InvalidSpecError(
                    f'Cannot autospec attr {self.attribute!r} as the patch '
                    f'target has already been mocked out. '
                    f'[target={self.target!r}, attr={autospec!r}]')
            if _is_instance_mock(autospec):
                target_name = getattr(self.target, '__name__', self.target)
                raise InvalidSpecError(
                    f'Cannot autospec attr {self.attribute!r} from target '
                    f'{target_name!r} as it has already been mocked out. '
                    f'[target={self.target!r}, attr={autospec!r}]')
    
            new = create_autospec(autospec, spec_set=spec_set,
                                  _name=self.attribute, **kwargs)
        elif kwargs:
            # can't set keyword args when we aren't creating the mock
            # XXXX If new is a Mock we could call new.configure_mock(**kwargs)
            raise TypeError("Can't pass kwargs to a mock we aren't creating")
    
        new_attr = new
    
        self.temp_original = original
        self.is_local = local
        self._exit_stack = contextlib.ExitStack()
        self.is_started = True
        try:
>           setattr(self.target, self.attribute, new_attr)
E           AttributeError: 'REQIFZFileProcessor' object attribute '_initialize_logger' is read-only

C:\Program Files\Python314\Lib\unittest\mock.py:1617: AttributeError

During handling of the above exception, another exception occurred:

self = <tests.test_critical_improvements.TestProcessorExceptionHandling object at 0x000001A64F010690>

    def test_standard_processor_handles_connection_error(self):
        """Standard processor should catch and format OllamaConnectionError"""
        config = ConfigManager()
        processor = REQIFZFileProcessor(config)
    
        # Mock logger properly
        mock_logger = Mock()
        mock_logger.info = Mock()
        mock_logger.error = Mock()
        mock_logger.close = Mock()
    
>       with patch.object(processor, '_initialize_logger') as mock_init:
             ^^^^^^^^^^^^^^^^^^^^^^^^^^^^^^^^^^^^^^^^^^^^^

tests\test_critical_improvements.py:466: 
_ _ _ _ _ _ _ _ _ _ _ _ _ _ _ _ _ _ _ _ _ _ _ _ _ _ _ _ _ _ _ _ _ _ _ _ _ _ _ _
C:\Program Files\Python314\Lib\unittest\mock.py:1630: in __enter__
    if not self.__exit__(*sys.exc_info()):
           ^^^^^^^^^^^^^^^^^^^^^^^^^^^^^^
_ _ _ _ _ _ _ _ _ _ _ _ _ _ _ _ _ _ _ _ _ _ _ _ _ _ _ _ _ _ _ _ _ _ _ _ _ _ _ _

self = <unittest.mock._patch object at 0x000001A61B09D0F0>
exc_info = (<class 'AttributeError'>, AttributeError("'REQIFZFileProcessor' object attribute '_initialize_logger' is read-only"), <traceback object at 0x000001A65050E780>)

    def __exit__(self, *exc_info):
        """Undo the patch."""
        if not self.is_started:
            return
    
        if self.is_local and self.temp_original is not DEFAULT:
            setattr(self.target, self.attribute, self.temp_original)
        else:
>           delattr(self.target, self.attribute)
E           AttributeError: 'REQIFZFileProcessor' object attribute '_initialize_logger' is read-only

C:\Program Files\Python314\Lib\unittest\mock.py:1641: AttributeError
---------------------------- Captured stdout call -----------------------------
\u2705 Loaded prompt configuration from prompts\\config\\prompt_config.yaml\n\u2705 Loaded 1 test generation templates
_ TestProcessorExceptionHandling.test_standard_processor_handles_model_not_found _

self = <unittest.mock._patch object at 0x000001A64F617A10>

    def __enter__(self):
        """Perform the patch."""
        if self.is_started:
            raise RuntimeError("Patch is already started")
    
        new, spec, spec_set = self.new, self.spec, self.spec_set
        autospec, kwargs = self.autospec, self.kwargs
        new_callable = self.new_callable
        self.target = self.getter()
    
        # normalise False to None
        if spec is False:
            spec = None
        if spec_set is False:
            spec_set = None
        if autospec is False:
            autospec = None
    
        if spec is not None and autospec is not None:
            raise TypeError("Can't specify spec and autospec")
        if ((spec is not None or autospec is not None) and
            spec_set not in (True, None)):
            raise TypeError("Can't provide explicit spec_set *and* spec or autospec")
    
        original, local = self.get_original()
    
        if new is DEFAULT and autospec is None:
            inherit = False
            if spec is True:
                # set spec to the object we are replacing
                spec = original
                if spec_set is True:
                    spec_set = original
                    spec = None
            elif spec is not None:
                if spec_set is True:
                    spec_set = spec
                    spec = None
            elif spec_set is True:
                spec_set = original
    
            if spec is not None or spec_set is not None:
                if original is DEFAULT:
                    raise TypeError("Can't use 'spec' with create=True")
                if isinstance(original, type):
                    # If we're patching out a class and there is a spec
                    inherit = True
    
            # Determine the Klass to use
            if new_callable is not None:
                Klass = new_callable
            elif spec is None and _is_async_obj(original):
                Klass = AsyncMock
            elif spec is not None or spec_set is not None:
                this_spec = spec
                if spec_set is not None:
                    this_spec = spec_set
                if _is_list(this_spec):
                    not_callable = '__call__' not in this_spec
                else:
                    not_callable = not callable(this_spec)
                if _is_async_obj(this_spec):
                    Klass = AsyncMock
                elif not_callable:
                    Klass = NonCallableMagicMock
                else:
                    Klass = MagicMock
            else:
                Klass = MagicMock
    
            _kwargs = {}
            if spec is not None:
                _kwargs['spec'] = spec
            if spec_set is not None:
                _kwargs['spec_set'] = spec_set
    
            # add a name to mocks
            if (isinstance(Klass, type) and
                issubclass(Klass, NonCallableMock) and self.attribute):
                _kwargs['name'] = self.attribute
    
            _kwargs.update(kwargs)
            new = Klass(**_kwargs)
    
            if inherit and _is_instance_mock(new):
                # we can only tell if the instance should be callable if the
                # spec is not a list
                this_spec = spec
                if spec_set is not None:
                    this_spec = spec_set
                if (not _is_list(this_spec) and not
                    _instance_callable(this_spec)):
                    Klass = NonCallableMagicMock
    
                _kwargs.pop('name')
                new.return_value = Klass(_new_parent=new, _new_name='()',
                                         **_kwargs)
        elif autospec is not None:
            # spec is ignored, new *must* be default, spec_set is treated
            # as a boolean. Should we check spec is not None and that spec_set
            # is a bool?
            if new is not DEFAULT:
                raise TypeError(
                    "autospec creates the mock for you. Can't specify "
                    "autospec and new."
                )
            if original is DEFAULT:
                raise TypeError("Can't use 'autospec' with create=True")
            spec_set = bool(spec_set)
            if autospec is True:
                autospec = original
    
            if _is_instance_mock(self.target):
                raise InvalidSpecError(
                    f'Cannot autospec attr {self.attribute!r} as the patch '
                    f'target has already been mocked out. '
                    f'[target={self.target!r}, attr={autospec!r}]')
            if _is_instance_mock(autospec):
                target_name = getattr(self.target, '__name__', self.target)
                raise InvalidSpecError(
                    f'Cannot autospec attr {self.attribute!r} from target '
                    f'{target_name!r} as it has already been mocked out. '
                    f'[target={self.target!r}, attr={autospec!r}]')
    
            new = create_autospec(autospec, spec_set=spec_set,
                                  _name=self.attribute, **kwargs)
        elif kwargs:
            # can't set keyword args when we aren't creating the mock
            # XXXX If new is a Mock we could call new.configure_mock(**kwargs)
            raise TypeError("Can't pass kwargs to a mock we aren't creating")
    
        new_attr = new
    
        self.temp_original = original
        self.is_local = local
        self._exit_stack = contextlib.ExitStack()
        self.is_started = True
        try:
>           setattr(self.target, self.attribute, new_attr)
E           AttributeError: 'REQIFZFileProcessor' object attribute '_initialize_logger' is read-only

C:\Program Files\Python314\Lib\unittest\mock.py:1617: AttributeError

During handling of the above exception, another exception occurred:

self = <tests.test_critical_improvements.TestProcessorExceptionHandling object at 0x000001A64F0107D0>

    def test_standard_processor_handles_model_not_found(self):
        """Standard processor should catch and format OllamaModelNotFoundError"""
        config = ConfigManager()
        processor = REQIFZFileProcessor(config)
    
        # Mock logger properly
        mock_logger = Mock()
        mock_logger.info = Mock()
        mock_logger.error = Mock()
        mock_logger.close = Mock()
    
>       with patch.object(processor, '_initialize_logger') as mock_init:
             ^^^^^^^^^^^^^^^^^^^^^^^^^^^^^^^^^^^^^^^^^^^^^

tests\test_critical_improvements.py:491: 
_ _ _ _ _ _ _ _ _ _ _ _ _ _ _ _ _ _ _ _ _ _ _ _ _ _ _ _ _ _ _ _ _ _ _ _ _ _ _ _
C:\Program Files\Python314\Lib\unittest\mock.py:1630: in __enter__
    if not self.__exit__(*sys.exc_info()):
           ^^^^^^^^^^^^^^^^^^^^^^^^^^^^^^
_ _ _ _ _ _ _ _ _ _ _ _ _ _ _ _ _ _ _ _ _ _ _ _ _ _ _ _ _ _ _ _ _ _ _ _ _ _ _ _

self = <unittest.mock._patch object at 0x000001A64F617A10>
exc_info = (<class 'AttributeError'>, AttributeError("'REQIFZFileProcessor' object attribute '_initialize_logger' is read-only"), <traceback object at 0x000001A64E56E8C0>)

    def __exit__(self, *exc_info):
        """Undo the patch."""
        if not self.is_started:
            return
    
        if self.is_local and self.temp_original is not DEFAULT:
            setattr(self.target, self.attribute, self.temp_original)
        else:
>           delattr(self.target, self.attribute)
E           AttributeError: 'REQIFZFileProcessor' object attribute '_initialize_logger' is read-only

C:\Program Files\Python314\Lib\unittest\mock.py:1641: AttributeError
---------------------------- Captured stdout call -----------------------------
\u2705 Loaded prompt configuration from prompts\\config\\prompt_config.yaml\n\u2705 Loaded 1 test generation templates
_____ TestPerformanceRegression.test_no_semaphore_allows_full_concurrency _____

self = <tests.test_critical_improvements.TestPerformanceRegression object at 0x000001A64F010910>

    @pytest.mark.asyncio
    async def test_no_semaphore_allows_full_concurrency(self):
        """Verify that removing double semaphore allows full concurrency"""
        config = ConfigManager()
    
        # Create mock client with semaphore value of 4
>       mock_client = AsyncMock(spec=AsyncOllamaClient)
                      ^^^^^^^^^^^^^^^^^^^^^^^^^^^^^^^^^

tests\test_critical_improvements.py:520: 
_ _ _ _ _ _ _ _ _ _ _ _ _ _ _ _ _ _ _ _ _ _ _ _ _ _ _ _ _ _ _ _ _ _ _ _ _ _ _ _
C:\Program Files\Python314\Lib\unittest\mock.py:2282: in __init__
    super().__init__(*args, **kwargs)
C:\Program Files\Python314\Lib\unittest\mock.py:2176: in __init__
    _safe_super(MagicMixin, self).__init__(*args, **kw)
C:\Program Files\Python314\Lib\unittest\mock.py:1157: in __init__
    _safe_super(CallableMixin, self).__init__(
C:\Program Files\Python314\Lib\unittest\mock.py:485: in __init__
    self._mock_add_spec(spec, spec_set, _spec_as_instance, _eat_self)
C:\Program Files\Python314\Lib\unittest\mock.py:547: in _mock_add_spec
    res = _get_signature_object(spec,
C:\Program Files\Python314\Lib\unittest\mock.py:122: in _get_signature_object
    return func, inspect.signature(sig_func)
                 ^^^^^^^^^^^^^^^^^^^^^^^^^^^
C:\Program Files\Python314\Lib\inspect.py:3312: in signature
    return Signature.from_callable(obj, follow_wrapped=follow_wrapped,
C:\Program Files\Python314\Lib\inspect.py:3027: in from_callable
    return _signature_from_callable(obj, sigcls=cls,
C:\Program Files\Python314\Lib\inspect.py:2496: in _signature_from_callable
    wrapped_sig = _get_signature_of(obj.func)
                  ^^^^^^^^^^^^^^^^^^^^^^^^^^^
C:\Program Files\Python314\Lib\inspect.py:2502: in _signature_from_callable
    return _signature_from_function(sigcls, obj,
C:\Program Files\Python314\Lib\inspect.py:2325: in _signature_from_function
    annotations = get_annotations(func, globals=globals, locals=locals, eval_str=eval_str,
C:\Program Files\Python314\Lib\annotationlib.py:890: in get_annotations
    ann = _get_dunder_annotations(obj)
          ^^^^^^^^^^^^^^^^^^^^^^^^^^^^
C:\Program Files\Python314\Lib\annotationlib.py:1059: in _get_dunder_annotations
    ann = getattr(obj, "__annotations__", None)
          ^^^^^^^^^^^^^^^^^^^^^^^^^^^^^^^^^^^^^
_ _ _ _ _ _ _ _ _ _ _ _ _ _ _ _ _ _ _ _ _ _ _ _ _ _ _ _ _ _ _ _ _ _ _ _ _ _ _ _

format = 1

>   def __init__(self, config: OllamaConfig = None):
                               ^^^^^^^^^^^^
E   NameError: name 'OllamaConfig' is not defined

src\core\ollama_client.py:447: NameError
_________ TestHPProcessorIntegration.test_hp_processor_complete_flow __________

self = <tests.test_integration_refactored.TestHPProcessorIntegration object at 0x000001A64F0111D0>
MockClient = <MagicMock name='AsyncOllamaClient' id='1813820864368'>
MockFormatter = <MagicMock name='StreamingTestCaseFormatter' id='1813820856976'>
MockGenerator = <MagicMock name='AsyncTestCaseGenerator' id='1813822887920'>
MockExtractor = <MagicMock name='HighPerformanceREQIFArtifactExtractor' id='1813822888256'>

    @pytest.mark.asyncio
    @patch('processors.hp_processor.HighPerformanceREQIFArtifactExtractor')
    @patch('processors.hp_processor.AsyncTestCaseGenerator')
    @patch('processors.hp_processor.StreamingTestCaseFormatter')
    @patch('processors.hp_processor.AsyncOllamaClient')
    async def test_hp_processor_complete_flow(self, MockClient, MockFormatter, MockGenerator, MockExtractor):
        """Test complete HP processing flow (POSITIVE)"""
        # Setup mocks (using helpers for XHTML format)
        mock_extractor = MockExtractor.return_value
        mock_extractor.extract_reqifz_content.return_value = [
            create_test_heading("HP Test"),
            create_test_requirement("HP requirement 1", requirement_id="REQ_001"),
            create_test_requirement("HP requirement 2", requirement_id="REQ_002"),
        ]
        mock_extractor.classify_artifacts.return_value = {"System Interface": []}
    
        # Mock async context manager
        mock_client_instance = MagicMock()
        MockClient.return_value.__aenter__.return_value = mock_client_instance
    
        mock_generator_instance = MagicMock()
        MockGenerator.return_value = mock_generator_instance
        mock_generator_instance.generate_test_cases_batch.return_value = [
            [{"test_id": "TC_001"}],  # REQ_001 results
            [{"test_id": "TC_002"}],  # REQ_002 results
        ]
    
        mock_formatter = MockFormatter.return_value
        mock_formatter.format_to_excel_streaming.return_value = True
    
        # Execute
        processor = HighPerformanceREQIFZFileProcessor()
        result = await processor.process_file(
            Path("/test/file.reqifz"),
            model="llama3.1:8b"
        )
    
        # Verify
>       assert result["success"] is True
E       assert False is True

tests\test_integration_refactored.py:164: AssertionError
---------------------------- Captured stdout call -----------------------------
\u2705 Loaded prompt configuration from prompts\\config\\prompt_config.yaml\n\u2705 Loaded 1 test generation templates\n\u2139\ufe0f  \U0001f680 High-Performance Processing: file.reqifz\n\u2139\ufe0f  \U0001f916 Model: llama3.1:8b\n\u2139\ufe0f  \u26a1 Max Concurrent: 2\n\u2139\ufe0f  \U0001f4c2 Extracting artifacts from REQIFZ file...\n\u2139\ufe0f  \U0001f3af Building context for 3 artifacts...\n\u2139\ufe0f  \U0001f50c Found 0 system interfaces (global context)\n\U0001f50d \U0001f4cc Context heading: <THE-VALUE xmlns:ns0="http://www.omg.org/spec/ReqIF/20110401/reqif.xsd" xmlns:html="http://www.w3.org/1999/xhtml"><html:div><html:p>HP Test</html:p></html:div></THE-VALUE>\n\U0001f50d \u26a1 Augmenting requirement: REQ_001 (heading: <THE-VALUE xmlns:ns0="http://www.omg.org/spec/ReqIF/20110401/reqif.xsd" xmlns:html="http://www.w3.org/1999/xhtml"><html:div><html:p>HP Test</html:p></html:div></THE-VALUE>)\n\U0001f50d \u26a1 Augmenting requirement: REQ_002 (heading: <THE-VALUE xmlns:ns0="http://www.omg.org/spec/ReqIF/20110401/reqif.xsd" xmlns:html="http://www.w3.org/1999/xhtml"><html:div><html:p>HP Test</html:p></html:div></THE-VALUE>)\n\u2139\ufe0f  \U0001f4cb Built 2 context-enriched requirements\n\u2139\ufe0f  \u26a1 Async processing 2 context-enriched requirements...\n\u2139\ufe0f  \U0001f680 Processing all 2 requirements concurrently...\n\u274c \u274c Unexpected HP processing error: unhandled errors in a TaskGroup (1 sub-exception)
__________ TestHPProcessorIntegration.test_hp_processor_with_errors ___________

self = <tests.test_integration_refactored.TestHPProcessorIntegration object at 0x000001A64EFF0510>
MockClient = <MagicMock name='AsyncOllamaClient' id='1813822893296'>
MockGenerator = <MagicMock name='AsyncTestCaseGenerator' id='1813822893632'>
MockExtractor = <MagicMock name='HighPerformanceREQIFArtifactExtractor' id='1813822893968'>

    @pytest.mark.asyncio
    @patch('processors.hp_processor.HighPerformanceREQIFArtifactExtractor')
    @patch('processors.hp_processor.AsyncTestCaseGenerator')
    @patch('processors.hp_processor.AsyncOllamaClient')
    async def test_hp_processor_with_errors(self, MockClient, MockGenerator, MockExtractor):
        """Test HP processor with some errors (MIXED)"""
        mock_extractor = MockExtractor.return_value
        mock_extractor.extract_reqifz_content.return_value = [
            create_test_requirement("HP requirement 1", requirement_id="REQ_001"),
            create_test_requirement("HP requirement 2", requirement_id="REQ_002"),
        ]
        mock_extractor.classify_artifacts.return_value = {"System Interface": []}
    
        mock_client_instance = MagicMock()
        MockClient.return_value.__aenter__.return_value = mock_client_instance
    
        mock_generator_instance = MagicMock()
        MockGenerator.return_value = mock_generator_instance
        # First succeeds, second fails
        mock_generator_instance.generate_test_cases_batch.return_value = [
            [{"test_id": "TC_001"}],
            {"error": True, "requirement_id": "REQ_002", "error_type": "EmptyResponse"}
        ]
    
        processor = HighPerformanceREQIFZFileProcessor()
        result = await processor.process_file(Path("/test/file.reqifz"))
    
        # Should still succeed with partial results
>       assert result["success"] is True
E       assert False is True

tests\test_integration_refactored.py:210: AssertionError
---------------------------- Captured stdout call -----------------------------
\u2705 Loaded prompt configuration from prompts\\config\\prompt_config.yaml\n\u2705 Loaded 1 test generation templates\n\u2139\ufe0f  \U0001f680 High-Performance Processing: file.reqifz\n\u2139\ufe0f  \U0001f916 Model: llama3.1:8b\n\u2139\ufe0f  \u26a1 Max Concurrent: 2\n\u2139\ufe0f  \U0001f4c2 Extracting artifacts from REQIFZ file...\n\u2139\ufe0f  \U0001f3af Building context for 2 artifacts...\n\u2139\ufe0f  \U0001f50c Found 0 system interfaces (global context)\n\U0001f50d \u26a1 Augmenting requirement: REQ_001 (heading: No Heading)\n\U0001f50d \u26a1 Augmenting requirement: REQ_002 (heading: No Heading)\n\u2139\ufe0f  \U0001f4cb Built 2 context-enriched requirements\n\u2139\ufe0f  \u26a1 Async processing 2 context-enriched requirements...\n\u2139\ufe0f  \U0001f680 Processing all 2 requirements concurrently...\n\u274c \u274c Unexpected HP processing error: unhandled errors in a TaskGroup (1 sub-exception)
______________________ test_no_future_import_annotations ______________________

    def test_no_future_import_annotations():
        """Verify 'from __future__ import annotations' has been removed"""
        from pathlib import Path
    
        # Check key modules don't have future imports
        modules_to_check = [
            "src/core/ollama_client.py",
            "src/core/generators.py",
            "src/core/parsers.py",
            "src/config.py",
        ]
    
        for module_path in modules_to_check:
            full_path = Path(module_path)
            if full_path.exists():
>               content = full_path.read_text()
                          ^^^^^^^^^^^^^^^^^^^^^

tests\test_python314_ollama0125.py:121: 
_ _ _ _ _ _ _ _ _ _ _ _ _ _ _ _ _ _ _ _ _ _ _ _ _ _ _ _ _ _ _ _ _ _ _ _ _ _ _ _
C:\Program Files\Python314\Lib\pathlib\__init__.py:793: in read_text
    return f.read()
           ^^^^^^^^
_ _ _ _ _ _ _ _ _ _ _ _ _ _ _ _ _ _ _ _ _ _ _ _ _ _ _ _ _ _ _ _ _ _ _ _ _ _ _ _

self = <encodings.cp1252.IncrementalDecoder object at 0x000001A64EF9AA50>
input = b'#!/usr/bin/env python3\r\n"""\r\nConfiguration Management for AI Test Case Generator\r\nFile: config.py\r\n\r\nThis ...n\r\n    except Exception as e:\r\n        print(f"\xe2\x9d\x8c An error occurred during configuration demo: {e}")\r\n'
final = True

    def decode(self, input, final=False):
>       return codecs.charmap_decode(input,self.errors,decoding_table)[0]
               ^^^^^^^^^^^^^^^^^^^^^^^^^^^^^^^^^^^^^^^^^^^^^^^^^^^^^^^
E       UnicodeDecodeError: 'charmap' codec can't decode byte 0x81 in position 20518: character maps to <undefined>

C:\Program Files\Python314\Lib\encodings\cp1252.py:23: UnicodeDecodeError
_______________ TestPromptBuilder.test_format_table_truncation ________________

self = <tests.test_refactoring.TestPromptBuilder object at 0x000001A64EE31D00>

    def test_format_table_truncation(self):
        """Test table truncation for large tables (EDGE CASE)"""
        table_data = {
            "data": [{"col": f"val{i}"} for i in range(15)]
        }
    
        result = PromptBuilder.format_table(table_data)
    
>       assert "... (5 more rows)" in result
E       AssertionError: assert '... (5 more rows)' in 'Table Data:\ncol\n---\nval0 | Row 1\nval1 | Row 2\nval2 | Row 3\nval3 | Row 4\nval4 | Row 5\nval5 | Row 6\nval6 | Row 7\nval7 | Row 8\nval8 | Row 9\nval9 | Row 10\nval10 | Row 11\nval11 | Row 12\nval12 | Row 13\nval13 | Row 14\nval14 | Row 15\n\nTable contains 15 rows total.'

tests\test_refactoring.py:260: AssertionError
__________ TestRAFTIntegration.test_raft_collection_minimal_overhead __________

self = <tests.training.test_raft_integration.TestRAFTIntegration object at 0x000001A64F576850>
config_raft_enabled = ConfigManager(ollama=OllamaConfig(host='127.0.0.1', port=11434, timeout=600, api_key=None, auth_token=None, temperatur..., output_directory=None, verbose=False, debug=False, performance=False, presets={}, environments={}, model_configs={}))
config_raft_disabled = ConfigManager(ollama=OllamaConfig(host='127.0.0.1', port=11434, timeout=600, api_key=None, auth_token=None, temperatur..., output_directory=None, verbose=False, debug=False, performance=False, presets={}, environments={}, model_configs={}))

    def test_raft_collection_minimal_overhead(self, config_raft_enabled, config_raft_disabled):
        """Test that RAFT collection adds minimal overhead"""
        import time
    
        # Measure with RAFT disabled
        processor_disabled = BaseProcessor(config=config_raft_disabled)
        processor_disabled.logger = Mock()
    
        requirement = {"id": "REQ_TEST", "text": "Test", "heading": "Test"}
    
        start = time.time()
        for _ in range(100):
            processor_disabled._save_raft_example(requirement, "Test cases", "llama3.1:8b")
        time_disabled = time.time() - start
    
        # Measure with RAFT enabled
        processor_enabled = BaseProcessor(config=config_raft_enabled)
        processor_enabled.logger = Mock()
    
        start = time.time()
        for _ in range(100):
            processor_enabled._save_raft_example(requirement, "Test cases", "llama3.1:8b")
        time_enabled = time.time() - start
    
        # RAFT should add minimal overhead (< 100ms for 100 calls)
        overhead = time_enabled - time_disabled
>       assert overhead < 0.1, f"RAFT overhead too high: {overhead}s"
E       AssertionError: RAFT overhead too high: 0.1486043930053711s
E       assert 0.1486043930053711 < 0.1

tests\training\test_raft_integration.py:233: AssertionError
---------------------------- Captured stdout call -----------------------------
\u2705 Loaded prompt configuration from prompts\\config\\prompt_config.yaml\n\u2705 Loaded 1 test generation templates\n\u2705 Loaded prompt configuration from prompts\\config\\prompt_config.yaml\n\u2705 Loaded 1 test generation templates
============================== warnings summary ===============================
..\..\Users\BRAMPRAK\AppData\Roaming\Python\Python314\site-packages\pytest_asyncio\plugin.py:155: 15132 warnings
  C:\Users\BRAMPRAK\AppData\Roaming\Python\Python314\site-packages\pytest_asyncio\plugin.py:155: DeprecationWarning: 'asyncio.iscoroutinefunction' is deprecated and slated for removal in Python 3.16; use inspect.iscoroutinefunction() instead
    return asyncio.iscoroutinefunction(obj)

tests/core/test_generators.py: 4 warnings
tests/integration/test_edge_cases.py: 2 warnings
tests/integration/test_end_to_end.py: 2 warnings
tests/integration/test_processors.py: 3 warnings
tests/test_critical_improvements.py: 4 warnings
tests/test_integration_refactored.py: 3 warnings
tests/test_python314_ollama0125.py: 1 warning
  C:\Users\BRAMPRAK\AppData\Roaming\Python\Python314\site-packages\pytest_asyncio\plugin.py:564: DeprecationWarning: 'asyncio.get_event_loop_policy' is deprecated and slated for removal in Python 3.16
    loop = asyncio.get_event_loop_policy().new_event_loop()

tests/core/test_generators.py: 4 warnings
tests/integration/test_edge_cases.py: 2 warnings
tests/integration/test_end_to_end.py: 2 warnings
tests/integration/test_processors.py: 3 warnings
tests/test_critical_improvements.py: 4 warnings
tests/test_integration_refactored.py: 3 warnings
tests/test_python314_ollama0125.py: 1 warning
  C:\Users\BRAMPRAK\AppData\Roaming\Python\Python314\site-packages\pytest_asyncio\plugin.py:395: DeprecationWarning: 'asyncio.get_event_loop_policy' is deprecated and slated for removal in Python 3.16
    policy = asyncio.get_event_loop_policy()

tests/core/test_generators.py: 4 warnings
tests/integration/test_edge_cases.py: 2 warnings
tests/integration/test_end_to_end.py: 2 warnings
tests/integration/test_processors.py: 3 warnings
tests/test_critical_improvements.py: 4 warnings
tests/test_integration_refactored.py: 3 warnings
tests/test_python314_ollama0125.py: 1 warning
  C:\Users\BRAMPRAK\AppData\Roaming\Python\Python314\site-packages\pytest_asyncio\plugin.py:441: DeprecationWarning: 'asyncio.get_event_loop_policy' is deprecated and slated for removal in Python 3.16
    policy = asyncio.get_event_loop_policy()

tests/core/test_generators.py: 4 warnings
tests/integration/test_edge_cases.py: 2 warnings
tests/integration/test_end_to_end.py: 2 warnings
tests/integration/test_processors.py: 3 warnings
tests/test_critical_improvements.py: 4 warnings
tests/test_integration_refactored.py: 3 warnings
tests/test_python314_ollama0125.py: 1 warning
  C:\Users\BRAMPRAK\AppData\Roaming\Python\Python314\site-packages\pytest_asyncio\plugin.py:462: DeprecationWarning: 'asyncio.get_event_loop_policy' is deprecated and slated for removal in Python 3.16
    policy = asyncio.get_event_loop_policy()

tests/integration/test_edge_cases.py::TestNetworkErrorConditions::test_async_connection_errors
tests/test_critical_improvements.py::TestAsyncOllamaClientErrorHandling::test_async_connection_error_raises_ollama_connection_error
tests/test_critical_improvements.py::TestAsyncOllamaClientErrorHandling::test_async_timeout_error_raises_ollama_timeout_error
  C:\Users\BRAMPRAK\AppData\Roaming\Python\Python314\site-packages\aiohttp\connector.py:963: DeprecationWarning: enable_cleanup_closed ignored because https://github.com/python/cpython/pull/118960 is fixed in Python version sys.version_info(major=3, minor=14, micro=0, releaselevel='final', serial=0)
    super().__init__(

-- Docs: https://docs.pytest.org/en/stable/how-to/capture-warnings.html
=============================== tests coverage ================================
_______________ coverage: platform win32, python 3.14.0-final-0 _______________

Name                                   Stmts   Miss  Cover   Missing
--------------------------------------------------------------------
src\__init__.py                            6      0   100%
src\app_logger.py                        153     28    82%   166-167, 186, 209-210, 214-215, 238, 255-260, 279-287, 324-325, 338-339, 383, 401, 406, 411, 416
src\config.py                            345    122    65%   116, 126, 308, 323-328, 465-475, 495, 502-541, 545-580, 584-589, 593-598, 634-647, 663, 665, 668-673, 687-691, 695-708, 720-730
src\core\__init__.py                       7      0   100%
src\core\deduplicator.py                  89      5    94%   72, 101, 134, 137, 172
src\core\exceptions.py                    38      2    95%   80-81
src\core\extractors.py                   403    174    57%   21, 67, 76-99, 116, 145, 151, 171, 191, 216, 225, 241, 316-320, 324-326, 330-333, 358-369, 378-432, 446-471, 477-514, 524-545, 549-558, 586-588, 656-659, 689-691, 699-722, 729-732, 761-763, 766, 775-780, 788, 794-802, 851-871, 904-907
src\core\formatters.py                   167    139    17%   18, 48-71, 75-77, 83-146, 154-193, 197-204, 208-230, 237-256, 261-298, 302-316, 322-343, 357-420, 426-447
src\core\generators.py                   187     63    66%   19, 61-69, 98-100, 117-125, 130-141, 153, 227-235, 254, 304-318, 372-376, 390-404, 415-429, 436-444, 453, 480-494
src\core\image_extractor.py              246     62    75%   21, 121, 128-131, 161-162, 171, 177-180, 213-215, 260-261, 271-273, 277-280, 307-328, 346, 348, 350, 356-376, 395, 399-402, 443, 446, 472-477, 485-489, 498-499
src\core\ollama_client.py                277    198    29%   25, 87, 104, 132-133, 142, 174-264, 275-339, 355-361, 374-421, 435-439, 506, 528, 533-541, 557-572, 604-685, 693-705, 715-781, 797-803
src\core\parsers.py                      141     33    77%   17-18, 64-65, 72-76, 84, 88, 95, 108-111, 117, 124-125, 146, 223-239
src\core\prompt_builder.py                84     20    76%   193-212, 274-291
src\core\relationship_parser.py          183     20    89%   12, 67, 71, 92, 116, 164, 171-174, 179, 237-239, 302, 324, 343, 371, 377, 405
src\core\validators.py                   110     23    79%   64-68, 111, 243-284, 302-308
src\file_processing_logger.py            145     66    54%   28, 32, 37-39, 116-117, 126-127, 131-133, 137-138, 142-144, 148-149, 153, 162-170, 174-176, 182-206, 284-317
src\processors\__init__.py                 4      0   100%
src\processors\base_processor.py          81      3    96%   68, 139-140
src\processors\hp_processor.py           160     83    48%   27-29, 74-89, 139, 178-303, 306-310, 319-323, 334-338, 346-350, 371, 377-384, 417-419
src\processors\standard_processor.py      97     36    63%   25-27, 52-64, 112, 133, 152-161, 213-269, 278
src\training\__init__.py                   6      0   100%
src\training\progressive_trainer.py      187    147    21%   18, 90-103, 107, 155-227, 231-246, 257-285, 301-345, 356-378, 384-387, 391-428, 432-440, 444-458, 462-465
src\training\quality_scorer.py           280    245    12%   16, 58-71, 133-193, 207-250, 254-262, 266-299, 303-327, 331-353, 365-412, 422-492, 496-553, 557-562, 577-627, 647-676
src\training\raft_annotator.py           179    155    13%   18, 44-52, 62-111, 128-188, 192-227, 231-245, 249-309, 314-330, 334-355, 359-375, 380-385, 389-408, 412-419, 423-427
src\training\raft_collector.py           109     37    66%   17, 127-130, 150-200, 239-240, 249-254, 279-280
src\training\raft_dataset_builder.py     171     31    82%   15, 102-105, 130-131, 146-147, 155-164, 219-221, 224, 231, 264, 322-323, 333-334, 338, 366-367
src\training\vision_raft_trainer.py      183    183     0%   11-467
src\yaml_prompt_manager.py               194     86    56%   59, 68, 74, 79, 124-128, 136-139, 142-144, 172-174, 177, 193-202, 207-208, 216-219, 225-243, 255, 259, 272-279, 315, 327-328, 332-376
--------------------------------------------------------------------
TOTAL                                   4232   1961    54%
Coverage HTML written to dir htmlcov
Coverage XML written to file coverage.xml
=========================== short test summary info ===========================
SKIPPED [1] tests\integration\test_end_to_end.py:80: Sample REQIFZ file not found: input\automotive_door_window_system.reqifz
SKIPPED [1] tests\integration\test_end_to_end.py:121: Sample REQIFZ file not found: input\automotive_door_window_system.reqifz
SKIPPED [1] tests\integration\test_end_to_end.py:267: Sample REQIFZ file not found: input\automotive_door_window_system.reqifz
SKIPPED [1] tests\integration\test_end_to_end.py:436: Sample REQIFZ file not found: input\automotive_door_window_system.reqifz
SKIPPED [1] tests\integration\test_end_to_end.py:460: Sample REQIFZ file not found: input\automotive_door_window_system.reqifz
SKIPPED [1] tests\integration\test_processors.py:222: Async mocking infrastructure needs refinement - HP processor logic verified manually
ERROR tests/performance/test_regression_benchmarks.py::TestPerformanceRegressionBenchmarks::test_standard_processor_performance_regression
ERROR tests/performance/test_regression_benchmarks.py::TestPerformanceRegressionBenchmarks::test_context_aware_processing_performance
FAILED tests/integration/test_edge_cases.py::TestMalformedFiles::test_invalid_zip_structure
FAILED tests/integration/test_edge_cases.py::TestMalformedFiles::test_zip_without_reqif_files
FAILED tests/integration/test_edge_cases.py::TestMalformedFiles::test_malformed_xml_in_reqif
FAILED tests/integration/test_edge_cases.py::TestMalformedFiles::test_xml_with_invalid_namespaces
FAILED tests/integration/test_edge_cases.py::TestMalformedFiles::test_extremely_large_reqif_file
FAILED tests/integration/test_edge_cases.py::TestResourceConstraints::test_memory_pressure_simulation
FAILED tests/integration/test_edge_cases.py::TestResourceConstraints::test_concurrent_request_limiting
FAILED tests/integration/test_edge_cases.py::TestMalformedResponses::test_invalid_json_response
FAILED tests/integration/test_edge_cases.py::TestMalformedResponses::test_json_missing_test_cases_key
FAILED tests/integration/test_edge_cases.py::TestMalformedResponses::test_malformed_test_case_structure
FAILED tests/integration/test_edge_cases.py::TestMalformedResponses::test_extremely_large_response
FAILED tests/integration/test_end_to_end.py::TestEndToEndWorkflows::test_directory_processing_workflow
FAILED tests/integration/test_end_to_end.py::TestEndToEndWorkflows::test_template_validation_workflow
FAILED tests/integration/test_end_to_end.py::TestEndToEndWorkflows::test_secrets_management_workflow
FAILED tests/integration/test_end_to_end.py::TestErrorConditions::test_malformed_reqifz_handling
FAILED tests/integration/test_processors.py::TestREQIFZFileProcessor::test_process_file_success
FAILED tests/integration/test_processors.py::TestREQIFZFileProcessor::test_process_file_no_system_requirements
FAILED tests/integration/test_processors.py::TestREQIFZFileProcessor::test_process_directory
FAILED tests/integration/test_processors.py::TestREQIFZFileProcessor::test_validate_environment
FAILED tests/integration/test_processors.py::TestREQIFZFileProcessor::test_validate_environment_no_templates
FAILED tests/integration/test_processors.py::TestHighPerformanceREQIFZFileProcessor::test_process_file_with_failures
FAILED tests/integration/test_processors.py::TestHighPerformanceREQIFZFileProcessor::test_calculate_performance_metrics
FAILED tests/integration/test_real_integration.py::TestAPICompatibility::test_ollama_client_model_validation
FAILED tests/integration/test_real_integration.py::TestConfigurationValidation::test_config_manager_environment_variables
FAILED tests/integration/test_real_integration.py::TestConfigurationValidation::test_pydantic_validation_real
FAILED tests/performance/test_regression_benchmarks.py::TestPerformanceRegressionBenchmarks::test_processor_consistency[3]
FAILED tests/performance/test_regression_benchmarks.py::TestPerformanceRegressionBenchmarks::test_memory_efficiency_regression
FAILED tests/test_critical_improvements.py::TestNoDoubleSemaphore::test_async_generator_has_no_semaphore_attribute
FAILED tests/test_critical_improvements.py::TestNoDoubleSemaphore::test_async_generator_only_uses_client_semaphore
FAILED tests/test_critical_improvements.py::TestConcurrentBatchProcessing::test_hp_processor_processes_all_requirements_concurrently
FAILED tests/test_critical_improvements.py::TestProcessorExceptionHandling::test_standard_processor_handles_connection_error
FAILED tests/test_critical_improvements.py::TestProcessorExceptionHandling::test_standard_processor_handles_model_not_found
FAILED tests/test_critical_improvements.py::TestPerformanceRegression::test_no_semaphore_allows_full_concurrency
FAILED tests/test_integration_refactored.py::TestHPProcessorIntegration::test_hp_processor_complete_flow
FAILED tests/test_integration_refactored.py::TestHPProcessorIntegration::test_hp_processor_with_errors
FAILED tests/test_python314_ollama0125.py::test_no_future_import_annotations
FAILED tests/test_refactoring.py::TestPromptBuilder::test_format_table_truncation
FAILED tests/training/test_raft_integration.py::TestRAFTIntegration::test_raft_collection_minimal_overhead
= 38 failed, 217 passed, 6 skipped, 2 deselected, 15211 warnings, 2 errors in 17.51s =
